
 Start         Length     Name                   Class
 0001:00000000 00054FD0H .text                   CODE
 0002:00000000 00001168H .data                   DATA
 0002:00001168 00000BE9H .bss                    BSS


Detailed map of segments

 0001:00000000 0000502B C=CODE     S=.text    G=(none)   M=System   ACBP=A9
 0001:0000502C 00000140 C=CODE     S=.text    G=(none)   M=SysInit  ACBP=A9
 0001:0000516C 00000078 C=CODE     S=.text    G=(none)   M=Types    ACBP=A9
 0001:000051E4 00000C94 C=CODE     S=.text    G=(none)   M=Windows  ACBP=A9
 0001:00005E78 00000038 C=CODE     S=.text    G=(none)   M=Messages ACBP=A9
 0001:00005EB0 00000310 C=CODE     S=.text    G=(none)   M=SysConst ACBP=A9
 0001:000061C0 00006644 C=CODE     S=.text    G=(none)   M=SysUtils ACBP=A9
 0001:0000C804 000007FB C=CODE     S=.text    G=(none)   M=VarUtils ACBP=A9
 0001:0000D000 00002A42 C=CODE     S=.text    G=(none)   M=Variants ACBP=A9
 0001:0000FA44 00000120 C=CODE     S=.text    G=(none)   M=RTLConsts ACBP=A9
 0001:0000FB64 000007E8 C=CODE     S=.text    G=(none)   M=TypInfo  ACBP=A9
 0001:0001034C 00000038 C=CODE     S=.text    G=(none)   M=ActiveX  ACBP=A9
 0001:00010384 000097B2 C=CODE     S=.text    G=(none)   M=Classes  ACBP=A9
 0001:00019B38 000002C0 C=CODE     S=.text    G=(none)   M=Consts   ACBP=A9
 0001:00019DF8 00008ED7 C=CODE     S=.text    G=(none)   M=Graphics ACBP=A9
 0001:00022CD0 00000048 C=CODE     S=.text    G=(none)   M=Math     ACBP=A9
 0001:00022D18 000002B8 C=CODE     S=.text    G=(none)   M=Contnrs  ACBP=A9
 0001:00022FD0 000000F4 C=CODE     S=.text    G=(none)   M=CommCtrl ACBP=A9
 0001:000230C4 00000787 C=CODE     S=.text    G=(none)   M=MultiMon ACBP=A9
 0001:0002384C 00000038 C=CODE     S=.text    G=(none)   M=Imm      ACBP=A9
 0001:00023884 00000FF8 C=CODE     S=.text    G=(none)   M=HelpIntfs ACBP=A9
 0001:0002487C 00000038 C=CODE     S=.text    G=(none)   M=WinSpool ACBP=A9
 0001:000248B4 00000044 C=CODE     S=.text    G=(none)   M=Printers ACBP=A9
 0001:000248F8 0000031F C=CODE     S=.text    G=(none)   M=FlatSB   ACBP=A9
 0001:00024C18 000001A4 C=CODE     S=.text    G=(none)   M=SyncObjs ACBP=A9
 0001:00024DBC 000009BB C=CODE     S=.text    G=(none)   M=UxTheme  ACBP=A9
 0001:00025778 00000038 C=CODE     S=.text    G=(none)   M=RichEdit ACBP=A9
 0001:000257B0 00000038 C=CODE     S=.text    G=(none)   M=ToolWin  ACBP=A9
 0001:000257E8 00000038 C=CODE     S=.text    G=(none)   M=ShellAPI ACBP=A9
 0001:00025820 00000038 C=CODE     S=.text    G=(none)   M=RegStr   ACBP=A9
 0001:00025858 00000038 C=CODE     S=.text    G=(none)   M=WinInet  ACBP=A9
 0001:00025890 00000038 C=CODE     S=.text    G=(none)   M=UrlMon   ACBP=A9
 0001:000258C8 00000038 C=CODE     S=.text    G=(none)   M=ShlObj   ACBP=A9
 0001:00025900 00000038 C=CODE     S=.text    G=(none)   M=CommDlg  ACBP=A9
 0001:00025938 00000038 C=CODE     S=.text    G=(none)   M=Dlgs     ACBP=A9
 0001:00025970 0000066D C=CODE     S=.text    G=(none)   M=Dialogs  ACBP=A9
 0001:00025FE0 00002212 C=CODE     S=.text    G=(none)   M=ExtCtrls ACBP=A9
 0001:000281F4 00000038 C=CODE     S=.text    G=(none)   M=ComStrs  ACBP=A9
 0001:0002822C 00000094 C=CODE     S=.text    G=(none)   M=Clipbrd  ACBP=A9
 0001:000282C0 00000038 C=CODE     S=.text    G=(none)   M=StrUtils ACBP=A9
 0001:000282F8 000000F5 C=CODE     S=.text    G=(none)   M=Buttons  ACBP=A9
 0001:000283F0 00000038 C=CODE     S=.text    G=(none)   M=ExtDlgs  ACBP=A9
 0001:00028428 00000068 C=CODE     S=.text    G=(none)   M=IniFiles ACBP=A9
 0001:00028490 00000068 C=CODE     S=.text    G=(none)   M=Registry ACBP=A9
 0001:000284F8 0000006C C=CODE     S=.text    G=(none)   M=Mapi     ACBP=A9
 0001:00028564 00000058 C=CODE     S=.text    G=(none)   M=ExtActns ACBP=A9
 0001:000285BC 00000038 C=CODE     S=.text    G=(none)   M=ListActns ACBP=A9
 0001:000285F4 00000180 C=CODE     S=.text    G=(none)   M=ComCtrls ACBP=A9
 0001:00028774 00000AF4 C=CODE     S=.text    G=(none)   M=Themes   ACBP=A9
 0001:00029268 00003614 C=CODE     S=.text    G=(none)   M=StdCtrls ACBP=A9
 0001:0002C87C 00000168 C=CODE     S=.text    G=(none)   M=StdActns ACBP=A9
 0001:0002C9E4 00000D1F C=CODE     S=.text    G=(none)   M=WinHelpViewer ACBP=A9
 0001:0002D704 0001097B C=CODE     S=.text    G=(none)   M=Controls ACBP=A9
 0001:0003E080 00001292 C=CODE     S=.text    G=(none)   M=ActnList ACBP=A9
 0001:0003F314 000016E4 C=CODE     S=.text    G=(none)   M=ImgList  ACBP=A9
 0001:000409F8 000066AD C=CODE     S=.text    G=(none)   M=Menus    ACBP=A9
 0001:000470A8 0000C5F8 C=CODE     S=.text    G=(none)   M=Forms    ACBP=A9
 0001:000536A0 00000038 C=CODE     S=.text    G=(none)   M=GHDL32   ACBP=A9
 0001:000536D8 0000109C C=CODE     S=.text    G=(none)   M=Gauges   ACBP=A9
 0001:00054774 000005DC C=CODE     S=.text    G=(none)   M=Mgopen1  ACBP=A9
 0001:00054D50 00000280 C=CODE     S=.text    G=(none)   M=MGopen   ACBP=A9
 0002:00000000 0000009C C=DATA     S=.data    G=DGROUP   M=System   ACBP=A9
 0002:0000009C 00000020 C=DATA     S=.data    G=DGROUP   M=SysInit  ACBP=A9
 0002:000000BC 00000254 C=DATA     S=.data    G=DGROUP   M=SysUtils ACBP=A9
 0002:00000310 00000008 C=DATA     S=.data    G=DGROUP   M=VarUtils ACBP=A9
 0002:00000318 0000008E C=DATA     S=.data    G=DGROUP   M=Variants ACBP=A9
 0002:000003A8 0000000C C=DATA     S=.data    G=DGROUP   M=TypInfo  ACBP=A9
 0002:000003B4 00000064 C=DATA     S=.data    G=DGROUP   M=Classes  ACBP=A9
 0002:00000418 00000304 C=DATA     S=.data    G=DGROUP   M=Graphics ACBP=A9
 0002:0000071C 00000004 C=DATA     S=.data    G=DGROUP   M=Printers ACBP=A9
 0002:00000720 00000074 C=DATA     S=.data    G=DGROUP   M=Dialogs  ACBP=A9
 0002:00000794 00000178 C=DATA     S=.data    G=DGROUP   M=ExtCtrls ACBP=A9
 0002:0000090C 0000002C C=DATA     S=.data    G=DGROUP   M=Buttons  ACBP=A9
 0002:00000938 00000008 C=DATA     S=.data    G=DGROUP   M=IniFiles ACBP=A9
 0002:00000940 00000008 C=DATA     S=.data    G=DGROUP   M=Registry ACBP=A9
 0002:00000948 00000008 C=DATA     S=.data    G=DGROUP   M=Mapi     ACBP=A9
 0002:00000950 00000018 C=DATA     S=.data    G=DGROUP   M=ComCtrls ACBP=A9
 0002:00000968 00000068 C=DATA     S=.data    G=DGROUP   M=Themes   ACBP=A9
 0002:000009D0 00000028 C=DATA     S=.data    G=DGROUP   M=StdCtrls ACBP=A9
 0002:000009F8 0000013C C=DATA     S=.data    G=DGROUP   M=Controls ACBP=A9
 0002:00000B34 00000020 C=DATA     S=.data    G=DGROUP   M=ImgList  ACBP=A9
 0002:00000B54 000000EC C=DATA     S=.data    G=DGROUP   M=Menus    ACBP=A9
 0002:00000C40 0000011C C=DATA     S=.data    G=DGROUP   M=Forms    ACBP=A9
 0002:00002000 00000660 C=BSS      S=.bss     G=DGROUP   M=System   ACBP=A9
 0002:00002660 00000010 C=BSS      S=.bss     G=DGROUP   M=SysInit  ACBP=A9
 0002:00002670 00000004 C=BSS      S=.bss     G=DGROUP   M=Types    ACBP=A9
 0002:00002674 00000004 C=BSS      S=.bss     G=DGROUP   M=Windows  ACBP=A9
 0002:00002678 00000004 C=BSS      S=.bss     G=DGROUP   M=Messages ACBP=A9
 0002:0000267C 00000004 C=BSS      S=.bss     G=DGROUP   M=SysConst ACBP=A9
 0002:00002680 00000120 C=BSS      S=.bss     G=DGROUP   M=SysUtils ACBP=A9
 0002:000027A0 0000005C C=BSS      S=.bss     G=DGROUP   M=VarUtils ACBP=A9
 0002:000027FC 00000040 C=BSS      S=.bss     G=DGROUP   M=Variants ACBP=A9
 0002:0000283C 00000004 C=BSS      S=.bss     G=DGROUP   M=RTLConsts ACBP=A9
 0002:00002840 00000004 C=BSS      S=.bss     G=DGROUP   M=TypInfo  ACBP=A9
 0002:00002844 00000004 C=BSS      S=.bss     G=DGROUP   M=ActiveX  ACBP=A9
 0002:00002848 00000040 C=BSS      S=.bss     G=DGROUP   M=Classes  ACBP=A9
 0002:00002888 00000004 C=BSS      S=.bss     G=DGROUP   M=Consts   ACBP=A9
 0002:0000288C 00000060 C=BSS      S=.bss     G=DGROUP   M=Graphics ACBP=A9
 0002:000028EC 00000004 C=BSS      S=.bss     G=DGROUP   M=Math     ACBP=A9
 0002:000028F0 00000004 C=BSS      S=.bss     G=DGROUP   M=Contnrs  ACBP=A9
 0002:000028F4 00000004 C=BSS      S=.bss     G=DGROUP   M=CommCtrl ACBP=A9
 0002:000028F8 00000031 C=BSS      S=.bss     G=DGROUP   M=MultiMon ACBP=A9
 0002:0000292C 00000004 C=BSS      S=.bss     G=DGROUP   M=Imm      ACBP=A9
 0002:00002930 00000008 C=BSS      S=.bss     G=DGROUP   M=HelpIntfs ACBP=A9
 0002:00002938 00000004 C=BSS      S=.bss     G=DGROUP   M=WinSpool ACBP=A9
 0002:0000293C 00000004 C=BSS      S=.bss     G=DGROUP   M=Printers ACBP=A9
 0002:00002940 00000034 C=BSS      S=.bss     G=DGROUP   M=FlatSB   ACBP=A9
 0002:00002974 00000004 C=BSS      S=.bss     G=DGROUP   M=SyncObjs ACBP=A9
 0002:00002978 000000CC C=BSS      S=.bss     G=DGROUP   M=UxTheme  ACBP=A9
 0002:00002A44 00000004 C=BSS      S=.bss     G=DGROUP   M=RichEdit ACBP=A9
 0002:00002A48 00000004 C=BSS      S=.bss     G=DGROUP   M=ToolWin  ACBP=A9
 0002:00002A4C 00000004 C=BSS      S=.bss     G=DGROUP   M=ShellAPI ACBP=A9
 0002:00002A50 00000004 C=BSS      S=.bss     G=DGROUP   M=RegStr   ACBP=A9
 0002:00002A54 00000004 C=BSS      S=.bss     G=DGROUP   M=WinInet  ACBP=A9
 0002:00002A58 00000004 C=BSS      S=.bss     G=DGROUP   M=UrlMon   ACBP=A9
 0002:00002A5C 00000004 C=BSS      S=.bss     G=DGROUP   M=ShlObj   ACBP=A9
 0002:00002A60 00000004 C=BSS      S=.bss     G=DGROUP   M=CommDlg  ACBP=A9
 0002:00002A64 00000004 C=BSS      S=.bss     G=DGROUP   M=Dlgs     ACBP=A9
 0002:00002A68 0000000C C=BSS      S=.bss     G=DGROUP   M=Dialogs  ACBP=A9
 0002:00002A74 00000004 C=BSS      S=.bss     G=DGROUP   M=ExtCtrls ACBP=A9
 0002:00002A78 00000004 C=BSS      S=.bss     G=DGROUP   M=ComStrs  ACBP=A9
 0002:00002A7C 0000000C C=BSS      S=.bss     G=DGROUP   M=Clipbrd  ACBP=A9
 0002:00002A88 00000004 C=BSS      S=.bss     G=DGROUP   M=StrUtils ACBP=A9
 0002:00002A8C 00000030 C=BSS      S=.bss     G=DGROUP   M=Buttons  ACBP=A9
 0002:00002ABC 00000004 C=BSS      S=.bss     G=DGROUP   M=ExtDlgs  ACBP=A9
 0002:00002AC0 00000004 C=BSS      S=.bss     G=DGROUP   M=IniFiles ACBP=A9
 0002:00002AC4 00000004 C=BSS      S=.bss     G=DGROUP   M=Registry ACBP=A9
 0002:00002AC8 00000004 C=BSS      S=.bss     G=DGROUP   M=Mapi     ACBP=A9
 0002:00002ACC 00000009 C=BSS      S=.bss     G=DGROUP   M=ExtActns ACBP=A9
 0002:00002AD8 00000004 C=BSS      S=.bss     G=DGROUP   M=ListActns ACBP=A9
 0002:00002ADC 00000010 C=BSS      S=.bss     G=DGROUP   M=ComCtrls ACBP=A9
 0002:00002AEC 00000008 C=BSS      S=.bss     G=DGROUP   M=Themes   ACBP=A9
 0002:00002AF4 00000004 C=BSS      S=.bss     G=DGROUP   M=StdCtrls ACBP=A9
 0002:00002AF8 00000004 C=BSS      S=.bss     G=DGROUP   M=StdActns ACBP=A9
 0002:00002AFC 00000014 C=BSS      S=.bss     G=DGROUP   M=WinHelpViewer ACBP=A9
 0002:00002B10 00000080 C=BSS      S=.bss     G=DGROUP   M=Controls ACBP=A9
 0002:00002B90 00000004 C=BSS      S=.bss     G=DGROUP   M=ActnList ACBP=A9
 0002:00002B94 0000000C C=BSS      S=.bss     G=DGROUP   M=ImgList  ACBP=A9
 0002:00002BA0 00000010 C=BSS      S=.bss     G=DGROUP   M=Menus    ACBP=A9
 0002:00002BB0 00000020 C=BSS      S=.bss     G=DGROUP   M=Forms    ACBP=A9
 0002:00002BD0 00000004 C=BSS      S=.bss     G=DGROUP   M=GHDL32   ACBP=A9
 0002:00002BD4 00000004 C=BSS      S=.bss     G=DGROUP   M=Gauges   ACBP=A9
 0002:00002BD8 00000010 C=BSS      S=.bss     G=DGROUP   M=Mgopen1  ACBP=A9


  Address         Publics by Name

 0002:00002668       .1
 0002:00002AC8       .1
 0002:0000267C       .1
 0002:00002960       .1
 0002:00002678       .1
 0002:00002670       .1
 0002:00002A88       .1
 0002:00002A78       .1
 0002:0000292C       .1
 0002:00002918       .1
 0002:000028F4       .1
 0002:00002888       .1
 0002:00002A64       .1
 0002:00002A60       .1
 0002:00002A34       .1
 0002:00002B04       .1
 0002:00002A44       .1
 0002:0000283C       .1
 0002:00002A5C       .1
 0002:00002BD0       .1
 0002:00002A58       .1
 0002:00002A4C       .1
 0002:00002A54       .1
 0002:00002A50       .1
 0002:00002A68       .11
 0002:00002890       .12
 0002:00002A74       .12
 0002:00002AEC       .2
 0002:00002BE4       .2
 0002:000028EC       .2
 0002:00002930       .2
 0002:00002A80       .2
 0002:00002BD4       .2
 0002:000028F0       .21
 0002:00002844       .3
 0002:00002ABC       .3
 0002:0000293C       .3
 0002:00002674       .3
 0002:00002938       .3
 0002:00002B94       .3
 0002:00002790       .35
 0002:00002ADC       .36
 0002:00002A8C       .4
 0002:00002A48       .4
 0002:00002BB8       .41
 0002:00002AF4       .42
 0002:00002854       .45
 0002:00002AC4       .5
 0002:000025B8       .5
 0002:000027F8       .5
 0002:00002840       .6
 0002:00002974       .6
 0002:00002ACC       .72
 0002:00002B18       .72
 0002:00002AF8       .73
 0002:00002AC0       .8
 0002:00002B90       .8
 0002:00002AD8       .8
 0002:0000281C       .81
 0002:00002BA8       .9
 0001:00001CF0       @AbstractError
 0001:00002840       @AfterConstruction
 0001:0000266C       @AsClass
 0001:00001E58       @AStrCmp
 0001:00002850       @BeforeDestruction
 0001:000026B8       @CallDynaInst
 0001:000027E8       @ClassCreate
 0001:00002838       @ClassDestroy
 0001:00001D60       @Close
 0001:00001BE4       @Copy
 0001:00003EF4       @CopyArray
 0001:00003DD8       @CopyRecord
 0001:00001CA0       @COS
 0001:0000400C       @DispCallByIDError
 0001:0000DAA0       @DispInvokeError
 0001:00003FFC       @Dispose
 0001:00002CCC       @DoneExcept
 0001:0000425C       @DynArrayAsg
 0001:00004220       @DynArrayClear
 0001:00004040       @DynArrayHigh
 0001:00004038       @DynArrayLength
 0001:00004214       @DynArraySetLength
 0001:00002DB4       @ExceptionHandler
 0001:00001EC8       @FillChar
 0001:00003DB4       @Finalize
 0001:00003CC8       @FinalizeArray
 0001:00003C7C       @FinalizeRecord
 0001:000026D0       @FindDynaInst
 0001:000023E8       @FpuInit
 0001:00002324       @FpuMaskInit
 0001:00001A58       @FreeMem
 0001:00001A28       @GetMem
 0001:000050A4       @GetTls
 0001:00003224       @Halt
 0001:00003144       @Halt0
 0001:00002964       @HandleAnyException
 0001:00002C18       @HandleFinally
 0001:00002A90       @HandleOnException
 0001:000050F0       @InitExe
 0001:00003C70       @Initialize
 0001:00003BDC       @InitializeArray
 0001:00003BAC       @InitializeRecord
 0001:00003008       @InitImports
 0001:00002FE0       @InitResStringImports
 0001:00002FBC       @InitResStrings
 0001:000049E8       @IntfAddRef
 0001:000049B8       @IntfCast
 0001:00004974       @IntfClear
 0001:0000498C       @IntfCopy
 0001:00002648       @IsClass
 0001:000022F4       @isNECWindows
 0001:000036EC       @LStrAddRef
 0001:00003260       @LStrArrayClr
 0001:00003290       @LStrAsg
 0001:00003504       @LStrCat
 0001:00003548       @LStrCat3
 0001:000035BC       @LStrCatN
 0001:0000323C       @LStrClr
 0001:00003648       @LStrCmp
 0001:0000375C       @LStrCopy
 0001:0000379C       @LStrDelete
 0001:000034AC       @LStrFromArray
 0001:00003424       @LStrFromChar
 0001:00003434       @LStrFromPChar
 0001:0000332C       @LStrFromPCharLen
 0001:00003464       @LStrFromPWChar
 0001:00003398       @LStrFromPWCharLen
 0001:000034A0       @LStrFromString
 0001:000034C4       @LStrFromWStr
 0001:000037E4       @LStrInsert
 0001:000032D4       @LStrLAsg
 0001:000034FC       @LStrLen
 0001:00003840       @LStrPos
 0001:00003888       @LStrSetLength
 0001:000036FC       @LStrToPChar
 0001:000034D8       @LStrToString
 0001:00003FE8       @New
 0001:00003300       @NewAnsiString
 0001:000038F4       @NewWideString
 0001:00002008       @Pow10
 0001:00001DD4       @PStrCmp
 0001:00001DB8       @PStrNCpy
 0001:00002C78       @RaiseAgain
 0001:00002C50       @RaiseExcept
 0001:00001A78       @ReallocMem
 0001:00001CC0       @ROUND
 0001:00003230       @RunError
 0001:00001FEC       @SetEq
 0001:00001CB0       @SIN
 0001:00002F7C       @StartExe
 0001:0000029C       @strlen
 0001:00001CCC       @TRUNC
 0001:00002CFC       @TryFinallyExit
 0001:00003754       @UniqueStringA
 0001:00001EE8       @ValLong
 0001:0000F198       @VarAddRef
 0001:0000DD8C       @VarClear
 0001:0000DDA0       @VarClr
 0001:00003CB0       @VarClr
 0001:00003DC0       @VarCopy
 0001:0000E0C8       @VarCopy
 0001:0000F0D0       @VarFromBool
 0001:0000F120       @VarFromCurr
 0001:0000F068       @VarFromInt
 0001:0000F0A4       @VarFromInt64
 0001:0000F134       @VarFromLStr
 0001:0000F0F8       @VarFromReal
 0001:0000F10C       @VarFromTDateTime
 0001:0000F160       @VarFromWStr
 0001:0000DAF4       @VarNull
 0001:0000E3F4       @VarToLStr
 0001:0000EB14       @VarToWStr
 0001:00003934       @WStrArrayClr
 0001:00003958       @WStrAsg
 0001:0000391C       @WStrClr
 0001:00003A94       @WStrCmp
 0001:00003B18       @WStrCopy
 0001:00003A68       @WStrFromLStr
 0001:0000397C       @WStrFromPCharLen
 0001:00003A2C       @WStrFromPWChar
 0001:00003A08       @WStrFromPWCharLen
 0001:00003A88       @WStrLen
 0001:00003B64       @WStrSetLength
 0001:00003A78       @WStrToPWChar
 0001:00001FC8       @_CLenToPasStr
 0001:00001FBC       @_CToPasStr
 0001:00001BB4       @_IOTest
 0001:00004014       @_llmul
 0001:000300D8       AbsMin
 0001:0000AAF8       AbstractErrorHandler
 0002:00002028       AbstractErrorProc
 0002:00000140       AccessMode
 0001:00001B14       AcquireExceptionObject
 0001:00012708       ActivateClassGroup
 0001:000056F0       ActivateKeyboardLayout
 0002:00002B4C       ActiveDrag
 0001:0001037C       ActiveX
 0001:0003F2E8       ActnList
 0001:000003FC       AddBlockAfter
 0002:000003B4       AddDataModule
 0001:00006DF8       AddExitProc
 0001:000157C8       AddFinished
 0001:0004262C       AddIn
 0001:000047CC       AddModuleUnloadProc
 0001:000047DC       AddModuleUnloadProc
 0001:00015800       AddNotFinished
 0001:00016224       AddSubComponentsToLoaded
 0001:0001D984       AdjustColor
 0001:000496D0       Adjustment
 0001:000056F8       AdjustWindowRectEx
 0002:000009D0       Alignments
 0002:000009E8       Alignments
 0002:00000C18       Alignments
 0002:00000C28       Alignments
 0001:00035744       AlignWork
 0001:00050614       AlignWork
 0001:00019918       AllocateHWnd
 0001:00006D9C       AllocMem
 0002:000025B0       AllocMemCount
 0002:000025B4       AllocMemSize
 0001:00022AC8       AllocPatternBitmap
 0001:0000504C       AllocTlsBuffer
 0002:00000A04       AnchorAlign
 0002:000009F8       AnimateWindowProc
 0002:00000B00       AnimationStyle
 0001:00006FCC       AnsiCompareStr
 0001:00007004       AnsiCompareText
 0001:000075F4       AnsiLastChar
 0001:00005700       AnsiLower
 0001:00006F98       AnsiLowerCase
 0001:0000B44C       AnsiLowerCaseFileName
 0001:0000B410       AnsiPos
 0001:00046EB4       AnsiSameCaption
 0001:0000703C       AnsiSameText
 0001:00007054       AnsiStrLIComp
 0001:0000B4D8       AnsiStrPos
 0001:0000B598       AnsiStrRScan
 0001:0000B5E0       AnsiStrScan
 0001:00004DE8       AnsiToUtf8
 0001:00008AB0       AppendChars
 0001:00008E7C       AppendFormat
 0001:00008B14       AppendNumber
 0001:00008AF4       AppendString
 0002:00002BB0       Application
 0002:000003C4       ApplicationHandleException
 0002:000003CC       ApplicationShowException
 0002:00000D54       AppVisible
 0001:0000AADC       AssertErrorHandler
 0002:00002020       AssertErrorProc
 0001:0000FE14       AssignLongStr
 0001:000101B8       AssignVariant
 0002:00002608       avail
 0001:00007738       BackfillGetDiskFreeSpaceEx
 0001:00032C6C       BackgroundClipped
 0001:0000CA94       BackupVarBoolFromStr
 0001:0000CBF4       BackupVarBStrFromBool
 0001:0000CB14       BackupVarBStrFromCy
 0001:0000CB84       BackupVarBStrFromDate
 0001:0000CA28       BackupVarCyFromStr
 0001:0000C9BC       BackupVarDateFromStr
 0001:0000C878       BackupVarI4FromStr
 0001:0000C824       BackupVariantChangeTypeEx
 0001:0000C8E4       BackupVarR4FromStr
 0001:0000C950       BackupVarR8FromStr
 0001:00005708       BeginDeferWindowPos
 0001:00012A60       BeginGlobalLoading
 0001:00005710       BeginPaint
 0001:0001D990       BetterSize
 0001:000434C0       BiDiDraw
 0001:000054D0       BitBlt
 0002:0000090C       BitBtnCaptions
 0002:00002A90       BitBtnGlyphs
 0002:000006D0       BitmapCanvasList
 0002:000028A8       BitmapImageLock
 0001:0000C860       BiUnimplemented
 0002:000003EC       BlockCode
 0002:000025E0       blockDescBlockList
 0002:000025E4       blockDescFreeList
 0002:000003A8       BooleanIdents
 0002:00000324       BooleanToStringRule
 0001:0000748C       BoolToStr
 0001:0000E17C       BoolToWStrViaOS
 0001:00005190       Bounds
 0001:00011A20       Bounds
 0002:00000BC0       Breaks
 0002:000028E0       BrushManager
 0001:00045C94       BuildImage
 0002:00000768       ButtonCaptions
 0002:0000073C       ButtonNames
 0002:00000C3C       Buttons
 0001:000283C8       Buttons
 0002:000009E0       ButtonStyles
 0001:0001D15C       BytesPerScanline
 0001:0001D4C0       ByteSwapColors
 0001:0000B1B4       ByteToCharIndex
 0001:0000B18C       ByteToCharLen
 0001:0000B150       ByteType
 0001:0000B0D8       ByteTypeTest
 0002:00002B98       CachedComCtrlVer
 0001:00019854       CalcJmpOffset
 0001:0003D370       CalcSplitterPos
 0001:00005718       CallNextHookEx
 0001:0000BCB8       CallTerminateProcs
 0001:00005720       CallWindowProc
 0001:00031110       CancelDrag
 0002:00002B60       CanvasList
 0002:000028E4       CanvasList
 0002:00000728       Captions
 0002:00000ABC       CaptureControl
 0002:00000B60       cBooleanToItemAutoFlag
 0002:00002A7E       CF_COMPONENT
 0002:00002A7C       CF_PICTURE
 0002:00002814       ChangeAnyProc
 0001:0002F690       ChangeBiDiModeAlignment
 0001:0000335C       CharFromWChar
 0001:0000B398       CharLength
 0001:00005728       CharLowerBuff
 0001:00005730       CharNext
 0001:0000021C       CharNext
 0001:0001B8E4       CharsetToIdent
 0001:0000B2A0       CharToByteIndex
 0001:0000B304       CharToByteLen
 0001:00005738       CharToOemA
 0001:0001DF74       CheckBool
 0001:000028E0       CheckJmp
 0001:00005740       CheckMenuItem
 0002:00000BB0       Checks
 0001:00016260       CheckSubComponents
 0001:0001862C       CheckSynchronize
 0001:0004910C       CheckTaskWindow
 0001:00030DC4       CheckUndock
 0001:0000AFCC       CheckWin32Version
 0002:00000328       CInvalidCustomVariantType
 0002:00000B64       cItemAutoFlagToBoolean
 0002:00000B5C       cItemAutoFlagToMenu
 0001:00019AA4       Classes
 0001:000124CC       ClassNotFound
 0002:00002810       ClearAnyProc
 0001:0001B164       ClearColor
 0001:0000F4D4       ClearVariantTypeList
 0001:00005748       ClientToScreen
 0001:0003A958       ClientToWindow
 0002:000006C8       ClipboardFormats
 0001:00028268       Clipbrd
 0001:000052C8       CloseHandle
 0002:0000297C       CloseThemeData
 0002:0000203C       CmdLine
 0002:00002038       CmdShow
 0002:00000B58       cMenuAutoFlagToItem
 0001:0000C86C       CmpUnimplemented
 0002:00000448       Colors
 0001:0001B6DC       ColorToIdent
 0002:00000794       ColorToPretyName
 0001:0001B6CC       ColorToRGB
 0002:00002AE8       ComCtlVersion
 0001:0002876C       ComCtrls
 0002:00002BAC       CommandPool
 0001:000230BC       CommCtrl
 0001:00025930       CommDlg
 0001:0000077C       Commit
 0002:00002624       committedRoot
 0001:00041C10       CompareFront
 0001:00006F00       CompareMem
 0001:00006ED0       CompareStr
 0001:000052D0       CompareString
 0001:00006F20       CompareText
 0001:000073B4       CompareWith
 0001:00016340       ComponentCreated
 0001:0001DD34       ComputeAldusChecksum
 0001:00028224       ComStrs
 0001:00019DF0       Consts
 0001:00022FC8       Contnrs
 0002:00002B1E       ControlAtom
 0002:00002B24       ControlAtomString
 0001:0004DEB8       ControlHasHelp
 0001:0003DFF0       Controls
 0001:0000A528       ConvertAddr
 0001:00008C08       ConvertEraString
 0001:00006D78       ConvertErrorFmt
 0001:00008D74       ConvertYearString
 0001:00004048       CopyArray
 0001:000200F8       CopyBitmap
 0001:000207C0       CopyBitmapAsMask
 0001:000054D8       CopyEnhMetaFile
 0001:0002075C       CopyPalette
 0002:0000096C       Copyright
 0001:00044D40       CopyToBest
 0001:0000B210       CountChars
 0002:000028C0       CounterLock
 0002:0000032C       CRangeToType
 0001:0000AA20       CreateAssertException
 0001:0000ABA8       CreateAVObject
 0001:000054E0       CreateBitmap
 0001:000054E8       CreateBrushIndirect
 0001:000054F0       CreateCompatibleBitmap
 0001:000054F8       CreateCompatibleDC
 0001:000163C0       CreateComponent
 0001:00005508       CreateDIBitmap
 0001:00005500       CreateDIBSection
 0001:000052D8       CreateEvent
 0001:000052E0       CreateFile
 0001:00005510       CreateFontIndirect
 0001:00005518       CreateHalftonePalette
 0001:00005750       CreateIcon
 0001:0000A94C       CreateInOutError
 0001:00005758       CreateMenu
 0001:00005520       CreatePalette
 0001:00005528       CreatePenIndirect
 0001:00005760       CreatePopupMenu
 0001:00005530       CreateSolidBrush
 0001:0001D518       CreateSystemPalette
 0001:000052E8       CreateThread
 0001:00005CF0       CreateWindow
 0001:00005C98       CreateWindowEx
 0002:000009FC       CreationControl
 0002:00000720       CreationControl
 0002:00000394       CRelationshipToBoolean
 0002:00000310       CResult
 0002:00000138       cSimpleBoolStrs
 0002:00000340       CText
 0002:00000AF8       Ctl3DStyles
 0002:0000261C       curAlloc
 0002:00002688       CurrencyDecimals
 0002:00002684       CurrencyFormat
 0002:00002680       CurrencyString
 0001:00008A9C       CurrentYear
 0001:00008628       CurrToStr
 0001:0000E10C       CurrToWStrViaOS
 0002:00000CD8       CursorMap
 0002:00000A0C       Cursors
 0001:0002F9B0       CursorToIdent
 0002:00000CC8       cUseAlpha
 0002:00000CD0       cUseColorKey
 0001:00007128       CvtInt
 0001:00007194       CvtInt64
 0002:00000178       CWNear
 0002:00002689       DateSeparator
 0001:000096B0       DateTimeToStr
 0001:00009654       DateTimeToString
 0001:000086E8       DateTimeToTimeStamp
 0001:0000E144       DateToWStrViaOS
 0001:00008A74       DayOfWeek
 0002:00000174       DCon10
 0002:00000444       DDBsOnly
 0001:000199CC       DeallocateHWnd
 0002:00000028       DebugHook
 0002:00002687       DecimalSeparator
 0001:00008A54       DecodeDate
 0001:00008904       DecodeDateFully
 0001:0000879C       DecodeTime
 0001:0000083C       Decommit
 0001:00000F68       DecommitFree
 0002:000025F8       decommittedRoot
 0001:00051250       Default
 0001:0004BB38       Default
 0002:00000020       Default8087CW
 0002:00000A00       DefaultDockTreeClass
 0002:000025BC       DefaultUserCodePage
 0002:00000698       DefBrushData
 0001:00005780       DeferWindowPos
 0002:00000418       DefFontData
 0001:00005768       DefFrameProc
 0002:00000204       DefLongDayNames
 0002:000001B8       DefLongMonthNames
 0001:00005770       DefMDIChildProc
 0002:00000678       DefPenData
 0002:000001E8       DefShortDayNames
 0002:00000188       DefShortMonthNames
 0001:00005778       DefWindowProc
 0001:000042B4       DelayLoadResourceModule
 0001:00000458       DeleteBlock
 0001:000052F0       DeleteCriticalSection
 0001:00000368       DeleteCriticalSection
 0001:00005538       DeleteDC
 0001:00005540       DeleteEnhMetaFile
 0001:00000D50       DeleteFree
 0001:00005788       DeleteMenu
 0001:00005548       DeleteObject
 0001:0001FCB4       DeselectBitmap
 0001:00005790       DestroyCursor
 0001:00005798       DestroyIcon
 0001:000282F8       DestroyLocals
 0001:000057A0       DestroyMenu
 0001:000057A8       DestroyWindow
 0001:0002D3B8       DialogEnumerationTester
 0001:00025FA0       Dialogs
 0002:000006D4       DIBPalSizes
 0002:0000008C       dig
 0001:00048F48       DisableTaskWindows
 0001:000057B0       DispatchMessage
 0001:0004F198       DispatchShortCut
 0002:00002000       DispCallByIDProc
 0001:00006D5C       DivMod
 0001:00025968       Dlgs
 0001:000504C8       DoAlign
 0001:000355D4       DoAlign
 0001:000396CC       DoCalcConstraints
 0002:00002B54       DockSiteList
 0001:00045960       DoClick
 0001:00036D18       DoControlMsg
 0001:00048EF8       DoDisableWindow
 0001:000306F0       DoDragOver
 0001:00006DBC       DoExitProc
 0001:0003B644       DoFindControlZone
 0001:0004904C       DoFindWindow
 0001:0003BBD0       DoFindZone
 0001:0003B6C8       DoForEach
 0001:0003CFD4       DoGetNextLimit
 0001:00048EC0       DoneApplication
 0001:0003DD34       DoneControls
 0001:0000AEDC       DoneExceptions
 0001:0004D514       DoNestedActivation
 0001:000185EC       DoneThreadSynchronization
 0001:000525FC       DoOnHelp
 0001:00035194       DoPosition
 0001:00050318       DoPosition
 0001:0003C5FC       DoPrune
 0001:0003CAD4       DoSaveZone
 0001:0003CCD8       DoSetNewBounds
 0002:000003B0       DotSep
 0001:00040270       DoWrite
 0001:0001E1CC       DoWrite
 0001:0001EDD0       DoWrite
 0001:00013894       DoWrite
 0001:00036300       DoWriteDesignSize
 0001:00033D6C       DoWriteIsControl
 0002:00002B38       DragCapture
 0002:00002B2C       DragControl
 0001:00030E38       DragDone
 0001:000306A0       DragFindTarget
 0001:00030674       DragFindWindow
 0002:00002B50       DragImageList
 0001:00030A90       DragInit
 0001:00030C00       DragInitControl
 0002:00002B34       DragInternalObject
 0001:000305BC       DragMessage
 0002:00002B30       DragObject
 0002:00002B5C       DragSave
 0002:00002B44       DragSaveCursor
 0002:00002B3C       DragStartPos
 0002:00002B48       DragThreshold
 0001:000307C0       DragTo
 0001:0005128C       DrawAppIcon
 0001:0003C168       DrawCloseButton
 0001:000057B8       DrawEdge
 0001:000057C0       DrawFrameControl
 0001:0003C1C0       DrawGrabberLine
 0001:000057C8       DrawIcon
 0001:000057D0       DrawIconEx
 0002:00000B34       DrawingStyles
 0001:000057D8       DrawMenuBar
 0001:00046CD0       DrawMenuItem
 0001:000057E0       DrawText
 0002:00002980       DrawThemeBackground
 0002:000029A4       DrawThemeEdge
 0002:000029A8       DrawThemeIcon
 0002:00002A2C       DrawThemeParentBackground
 0002:00002984       DrawThemeText
 0001:00054A94       DriverGaveta
 0001:0001CFDC       DupBits
 0001:00004060       DynArrayClear
 0001:00004068       DynArraySetLength
 0002:00000C20       EdgeStyle
 0002:00000AE8       EdgeStyles
 0001:0000A920       EHeapException.FreeInstance
 0001:00005550       Ellipse
 0002:000027FC       EmptyParam
 0002:000000BC       EmptyStr
 0002:000000C0       EmptyWideStr
 0001:000057E8       EnableMenuItem
 0002:00000BB8       Enables
 0001:000057F0       EnableScrollBar
 0001:00048FFC       EnableTaskWindows
 0002:00002A14       EnableThemeDialogTexture
 0002:00002A30       EnableTheming
 0001:000057F8       EnableWindow
 0001:00005800       EndDeferWindowPos
 0001:00012AE8       EndGlobalLoading
 0001:00005808       EndPaint
 0001:00000358       EnterCriticalSection
 0001:000052F8       EnterCriticalSection
 0001:00005300       EnumCalendarInfoA
 0002:00002914       EnumDisplayMonitors
 0001:0000A19C       EnumEraNames
 0001:0000A1D8       EnumEraYearOffsets
 0001:0004C0FC       EnumMonitorsProc
 0001:00005810       EnumThreadWindows
 0001:00015B70       EnumValue
 0001:00005818       EnumWindows
 0001:00005820       EqualRect
 0002:00002750       EraNames
 0001:00009928       EraToYear
 0002:0000276C       EraYearOffsets
 0002:00000064       errCaption
 0001:00041960       Error
 0001:00015354       Error
 0001:00012070       Error
 0001:00001BA8       Error
 0002:00000004       ErrorAddr
 0001:00001B5C       ErrorAt
 0001:0000A9CC       ErrorHandler
 0002:00000220       ErrorMap
 0002:00002008       ErrorProc
 0002:000023E4       ErrOutput
 0001:00001AE8       ExceptAddr
 0002:0000200C       ExceptClsProc
 0001:0000AE48       ExceptHandler
 0001:0000A794       Exception.Create
 0001:0000A7D0       Exception.CreateFmt
 0001:0000A850       Exception.CreateRes
 0001:0000A88C       Exception.CreateResFmt
 0002:0000201C       ExceptionClass
 0001:0000A534       ExceptionErrorMessage
 0002:00000258       ExceptMap
 0001:00001AC8       ExceptObject
 0002:00002010       ExceptObjProc
 0002:00002004       ExceptProc
 0001:00005558       ExcludeClipRect
 0002:00000000       ExitCode
 0001:00003088       ExitDll
 0002:00002044       ExitProc
 0001:00000224       ExitProcess
 0002:00002024       ExitProcessProc
 0002:00000134       ExitProcList
 0001:000076FC       ExpandFileName
 0001:000285B4       ExtActns
 0001:000281C4       ExtCtrls
 0001:00028420       ExtDlgs
 0001:000076B4       ExtractFileExt
 0001:0000767C       ExtractFileName
 0001:00005560       ExtTextOut
 0002:0000278C       FalseBoolStrs
 0002:00002A84       FClipboard
 0002:00000168       FCon1E18
 0001:000075EC       FileClose
 0001:00007530       FileCreate
 0001:00007554       FileCreate
 0002:000006CC       FileFormats
 0002:00000008       FileMode
 0001:000074D8       FileOpen
 0001:0000755C       FileRead
 0002:000003DC       FilerSignature
 0001:000075B4       FileSeek
 0001:00007588       FileWrite
 0001:00000E88       FillAfterGap
 0001:00000E28       FillBeforeGap
 0001:00000F28       FillerSizeAfterGap
 0001:00000EB0       FillerSizeBeforeGap
 0001:00005828       FillRect
 0001:00024D84       Finalization
 0001:0003DF88       Finalization
 0001:00006188       Finalization
 0001:00005E78       Finalization
 0001:0003F2B8       Finalization
 0001:00005E40       Finalization
 0001:000409C0       Finalization
 0001:000248B4       Finalization
 0001:0002487C       Finalization
 0001:00025708       Finalization
 0001:00025778       Finalization
 0001:000257B0       Finalization
 0001:000257E8       Finalization
 0001:00025820       Finalization
 0001:00025858       Finalization
 0001:00025890       Finalization
 0001:000258C8       Finalization
 0001:00025900       Finalization
 0001:00025938       Finalization
 0001:00024834       Finalization
 0001:0002384C       Finalization
 0001:0002380C       Finalization
 0001:00025F44       Finalization
 0001:0002817C       Finalization
 0001:0002308C       Finalization
 0001:000281F4       Finalization
 0001:0002822C       Finalization
 0001:000282C0       Finalization
 0001:00028390       Finalization
 0001:00004F04       Finalization
 0001:000283F0       Finalization
 0001:00028440       Finalization
 0001:000284A8       Finalization
 0001:0002850C       Finalization
 0001:00028564       Finalization
 0001:00022F98       Finalization
 0001:00022CE0       Finalization
 0001:00022B00       Finalization
 0001:00046FB0       Finalization
 0001:00005134       Finalization
 0001:000051AC       Finalization
 0001:000285BC       Finalization
 0001:000286F4       Finalization
 0001:0002921C       Finalization
 0001:0002C844       Finalization
 0001:0002C9AC       Finalization
 0001:0002D630       Finalization
 0001:00019DC0       Finalization
 0001:0000C604       Finalization
 0001:000199F4       Finalization
 0001:0000CFC0       Finalization
 0001:0001034C       Finalization
 0001:00053600       Finalization
 0001:000102F4       Finalization
 0001:000536A0       Finalization
 0001:0005473C       Finalization
 0001:0000FB2C       Finalization
 0001:0000F920       Finalization
 0001:00054D18       Finalization
 0001:00054D50       Finalization
 0001:00024BD8       Finalization
 0001:00004058       FinalizeArray
 0001:00002E9C       FinalizeUnits
 0001:00045720       Find
 0001:00004344       FindBS
 0001:0001258C       FindClass
 0001:000042AC       FindClassHInstance
 0001:00000234       FindClose
 0001:00000DE4       FindCommitted
 0001:0002F790       FindControl
 0001:0003BDFC       FindControlAtPos
 0001:0000F778       FindCustomVariantType
 0001:0000F830       FindCustomVariantType
 0001:0003115C       FindDragTarget
 0001:00016570       FindExistingComponent
 0001:0000023C       FindFirstFile
 0001:00012978       FindGlobalComponent
 0001:00049158       FindGlobalComponent
 0002:00002860       FindGlobalComponentProcs
 0001:00004284       FindHInstance
 0001:00012820       FindIdentToInt
 0002:00002A70       FindMsg
 0001:00015700       FindNestedComponent
 0001:00041928       FindPopupControl
 0001:0000CC88       FindProc
 0001:00005308       FindResource
 0001:000042FC       FindResourceHInstance
 0001:00052E30       FindScanline
 0001:000490B0       FindTopMostWindow
 0001:00017454       FindUniqueName
 0001:00031128       FindVCLWindow
 0001:00005830       FindWindow
 0001:0002D410       FindWinHelp
 0001:000200AC       FixupBitFields
 0002:00000C30       Flags
 0002:0000279C       FLanguages
 0001:00024C08       FlatSB
 0002:00002940       FlatSB_EnableScrollBar
 0002:0000294C       FlatSB_GetScrollInfo
 0002:00002950       FlatSB_GetScrollPos
 0002:00002948       FlatSB_GetScrollRange
 0002:00002958       FlatSB_SetScrollInfo
 0002:00002954       FlatSB_SetScrollPos
 0001:000248F8       FlatSB_SetScrollProp
 0002:0000295C       FlatSB_SetScrollRange
 0002:00002944       FlatSB_ShowScrollBar
 0001:000082B8       FloatToDecimal
 0001:000085F8       FloatToStr
 0001:00007FE4       FloatToText
 0001:00001D54       Flush
 0002:0000017C       FMSecsPerDay
 0001:00007ED8       FmtStr
 0002:00000C4C       FocusCount
 0002:00000C48       FocusMessages
 0002:000005E8       FontCharsets
 0002:000028D8       FontManager
 0001:0004912C       ForegroundTask
 0002:00002BD8       Form1
 0002:00000184       Format
 0001:00007EC4       Format
 0001:00007AB4       FormatBuf
 0001:00007AA8       FormatClearStr
 0001:00007A2C       FormatError
 0002:00000160       FormatErrorStrs
 0001:00005310       FormatMessage
 0001:00007A84       FormatVarToStr
 0001:0005365C       Forms
 0001:00002000       FPower10
 0002:0000071C       FPrinter
 0001:00005838       FrameRect
 0001:0000C1E4       FreeAndNil
 0001:00000AE4       FreeCommitted
 0001:0000111C       FreeCurAlloc
 0001:0003121C       FreeDeviceContext
 0001:000312D8       FreeDeviceContexts
 0001:000197C0       FreeIntConstList
 0001:00005318       FreeLibrary
 0001:00000244       FreeLibrary
 0001:0001FC08       FreeMemoryContexts
 0001:000198F4       FreeObjectInstance
 0001:00005328       FreeResource
 0001:000006B4       FreeSpace
 0001:0000BCE4       FreeTerminateProcs
 0001:00024DBC       FreeThemeLibrary
 0002:00002AE4       FRichEditModule
 0002:00002BE0       FUNCAO
 0001:0005476C       Gauges
 0001:00054A8C       GavetaConfigura
 0001:0001CFCC       GDICheck
 0001:0001CF24       GDIError
 0001:00001C98       Get8087CW
 0001:00005330       GetACP
 0001:00005840       GetActiveWindow
 0001:000509A4       GetAnimation
 0001:00005568       GetBitmapBits
 0001:00000370       GetBlockDesc
 0001:00005570       GetBrushOrgEx
 0001:00005848       GetCapture
 0001:0002FA58       GetCaptureControl
 0001:00012538       GetClass
 0001:00005850       GetClassInfo
 0001:00005858       GetClassName
 0001:00005860       GetClientRect
 0001:00005868       GetClipboardData
 0001:0001E994       GetClipboardFormats
 0001:00005578       GetClipBox
 0001:0000030C       GetCmdShow
 0001:0003F488       GetColor
 0001:00028694       GetComCtlVersion
 0001:0000024C       GetCommandLine
 0001:000008F8       GetCommitted
 0001:000009A0       GetCommittedAt
 0001:000368CC       GetControlAtPos
 0001:00008B60       GetCount
 0001:00005338       GetCPInfo
 0001:00005580       GetCurrentPositionEx
 0001:00005340       GetCurrentProcessId
 0002:00002A24       GetCurrentThemeName
 0001:00005348       GetCurrentThreadId
 0001:000002FC       GetCurrentThreadId
 0001:00005C04       GetCurrentTime
 0001:00005870       GetCursor
 0001:00052E40       GetCursorHeightMargin
 0001:00005878       GetCursorPos
 0001:00008B90       GetDate
 0001:00005350       GetDateFormat
 0001:00009840       GetDateOrder
 0001:00005880       GetDC
 0001:00005888       GetDCEx
 0001:00005588       GetDCOrgEx
 0001:00022708       GetDefFontCharSet
 0001:00005890       GetDesktopWindow
 0001:000055A0       GetDeviceCaps
 0001:0001DF5C       GetDIB
 0001:00005590       GetDIBColorTable
 0001:00005598       GetDIBits
 0001:0001DEA4       GetDIBSizes
 0001:0001D13C       GetDInColors
 0001:00005358       GetDiskFreeSpaceA
 0002:00000130       GetDiskFreeSpaceEx
 0001:0003D0B4       GetDockAlign
 0001:00030400       GetDockSiteAtPos
 0001:0003072C       GetDropCtl
 0001:00002688       GetDynaMethod
 0001:000055A8       GetEnhMetaFileBits
 0001:000055B0       GetEnhMetaFileHeader
 0001:000055B8       GetEnhMetaFilePaletteEntries
 0001:0000FB9C       GetEnumNameValue
 0001:0000FBE8       GetEnumValue
 0001:0000A250       GetEraNamesAndYearOffsets
 0001:000098D4       GetEraYearOffset
 0001:0000AB90       GetExceptionClass
 0001:0000AD7C       GetExceptionObject
 0001:000124C0       GetFieldClassTable
 0001:0001E974       GetFileFormats
 0001:0000AFEC       GetFileVersion
 0001:000054B8       GetFileVersionInfo
 0001:000054C0       GetFileVersionInfoSize
 0001:00005898       GetFocus
 0001:0001B904       GetFontData
 0001:000058A0       GetForegroundWindow
 0001:0000B88C       GetFormatSettings
 0001:00005360       GetFullPathName
 0001:0001AE4C       GetHashCode
 0001:0004DEF0       GetHelpInfo
 0001:00023CCC       GetHelpSystem
 0001:00050788       GetHint
 0001:000507C0       GetHintControl
 0001:00046E50       GetHotkey
 0001:000058A8       GetIconInfo
 0001:000058C0       GetKeyboardLayout
 0001:000058C8       GetKeyboardLayoutList
 0001:000058D0       GetKeyboardState
 0001:000022EC       GetKeyboardType
 0001:000058B0       GetKeyNameText
 0001:000058B8       GetKeyState
 0001:000058D8       GetLastActivePopup
 0001:0003B37C       GetLastChildZone
 0001:00005368       GetLastError
 0001:0000A014       GetLocaleChar
 0001:00005378       GetLocaleInfo
 0001:00000254       GetLocaleInfo
 0001:00009FC8       GetLocaleStr
 0001:00005370       GetLocalTime
 0001:0002FA14       GetLongHint
 0001:000058E0       GetMenu
 0001:0004DE78       GetMenuHelpContext
 0001:000058E8       GetMenuItemCount
 0001:000058F0       GetMenuItemID
 0001:000058F8       GetMenuItemInfo
 0001:00043F6C       GetMenuSize
 0001:00005900       GetMenuState
 0001:00005908       GetMenuString
 0001:00005380       GetModuleFileName
 0001:0000025C       GetModuleFileName
 0001:00005388       GetModuleHandle
 0001:0000502C       GetModuleHandle
 0001:00000264       GetModuleHandle
 0002:00002908       GetMonitorInfo
 0002:0000290C       GetMonitorInfoA
 0002:00002910       GetMonitorInfoW
 0001:0000A078       GetMonthDayNames
 0001:00005910       GetNextWindow
 0001:000055C0       GetObject
 0001:0000FCBC       GetOrdProp
 0001:000055C8       GetPaletteEntries
 0001:00005918       GetParent
 0001:00049324       GetParentForm
 0001:000055D0       GetPixel
 0001:0000026C       GetProcAddress
 0001:00005390       GetProcAddress
 0001:00005920       GetProp
 0001:0000FC4C       GetPropInfo
 0001:000497E4       GetRealScrollPosition
 0001:0003F468       GetRGBColor
 0001:00005928       GetScrollInfo
 0001:00005930       GetScrollPos
 0001:00005938       GetScrollRange
 0001:0002F9D0       GetShortHint
 0001:000005D8       GetSpace
 0001:0000063C       GetSpaceAt
 0001:000419B8       GetSpecialName
 0001:00000274       GetStartupInfo
 0001:000001F4       GetStdHandle
 0001:00005398       GetStdHandle
 0001:000055D8       GetStockObject
 0001:000053A0       GetStringTypeEx
 0001:00005940       GetSubMenu
 0001:00005948       GetSysColor
 0001:00005950       GetSysColorBrush
 0001:000053A8       GetSystemInfo
 0001:00005958       GetSystemMenu
 0002:000028F8       GetSystemMetrics
 0001:00005960       GetSystemMetrics
 0001:000055E0       GetSystemPaletteEntries
 0001:000055E8       GetTextExtentPoint32
 0001:000055F0       GetTextMetrics
 0002:00002A1C       GetThemeAppProperties
 0002:00002988       GetThemeBackgroundContentRect
 0002:0000298C       GetThemeBackgroundExtent
 0002:0000299C       GetThemeBackgroundRegion
 0002:000029C0       GetThemeBool
 0002:000029B4       GetThemeColor
 0002:00002A28       GetThemeDocumentationProperty
 0002:000029C8       GetThemeEnumValue
 0002:000029E8       GetThemeFilename
 0002:000029D0       GetThemeFont
 0002:000029C4       GetThemeInt
 0002:000029DC       GetThemeIntList
 0002:000029D8       GetThemeMargins
 0002:000029B8       GetThemeMetric
 0002:00002990       GetThemePartSize
 0002:000029CC       GetThemePosition
 0002:000029E0       GetThemePropertyOrigin
 0002:000029D4       GetThemeRect
 0002:000029BC       GetThemeString
 0002:000029F4       GetThemeSysBool
 0002:000029EC       GetThemeSysColor
 0002:000029F0       GetThemeSysColorBrush
 0002:000029FC       GetThemeSysFont
 0002:00002A04       GetThemeSysInt
 0002:000029F8       GetThemeSysSize
 0002:00002A00       GetThemeSysString
 0002:00002994       GetThemeTextExtent
 0002:00002998       GetThemeTextMetrics
 0001:000053B0       GetThreadLocale
 0001:0000027C       GetThreadLocale
 0001:000053B8       GetTickCount
 0001:00008BC8       GetTime
 0001:00005058       GetTlsSize
 0001:00050F68       GetTopMostWindows
 0001:0002FB60       GetTopParent
 0001:00005968       GetTopWindow
 0001:0000FB90       GetTypeData
 0001:00000304       GetVersion
 0001:000053C0       GetVersion
 0001:000053C8       GetVersionEx
 0001:00005970       GetWindow
 0001:00005978       GetWindowDC
 0001:00005980       GetWindowLong
 0001:00005600       GetWindowOrgEx
 0001:00005988       GetWindowPlacement
 0001:00005990       GetWindowRect
 0001:00005998       GetWindowText
 0002:00002A10       GetWindowTheme
 0001:000059A0       GetWindowThreadProcessId
 0001:000059A8       GetWindowThreadProcessId
 0001:000055F8       GetWinMetaFileBits
 0001:000536D0       GHDL32
 0001:000053D0       GlobalAddAtom
 0001:000053D8       GlobalAlloc
 0001:00005C10       GlobalAllocPtr
 0001:000053E0       GlobalDeleteAtom
 0001:000053E8       GlobalFindAtom
 0002:00002864       GlobalFixupList
 0001:00015848       GlobalFixupReferences
 0001:000053F0       GlobalFree
 0001:00005C3C       GlobalFreePtr
 0001:00005400       GlobalHandle
 0001:000053F8       GlobalLock
 0002:00002848       GlobalNameSpace
 0001:00005408       GlobalReAlloc
 0001:00005C20       GlobalReAllocPtr
 0001:00005410       GlobalUnlock
 0001:00022BD4       Graphics
 0001:000126B4       GroupDescendentsWith
 0001:0004E0F8       HandleEdge
 0001:00016CAC       HandleException
 0002:00000024       HeapAllocFlags
 0002:000025C4       heapErrorCode
 0002:000025C8       heapLock
 0001:00024874       HelpIntfs
 0002:00002934       HelpManager
 0002:00002A6C       HelpMsg
 0002:00002B08       HelpViewer
 0002:00002B0C       HelpViewerIntf
 0002:0000012C       HexDisplayPrefix
 0001:0003D130       HideZone
 0002:00002664       HInstance
 0002:00002BC4       HintDoneEvent
 0001:00050890       HintGetMsgHook
 0002:00002BC8       HintHook
 0001:00050834       HintMouseThread
 0002:00002BCC       HintThread
 0002:00002BC0       HintThreadID
 0001:000507E0       HintTimerProc
 0002:00000C40       HintWindowClass
 0002:000029A0       HitTestThemeBackground
 0001:000508D4       HookHintHooks
 0001:00005D48       HwndMSWheel
 0002:00000BD4       IBreaks
 0002:00000BE0       IChecks
 0002:00000BE8       IDefaults
 0001:0001B8F4       IdentToCharset
 0001:0001B6EC       IdentToColor
 0001:0002F9C0       IdentToCursor
 0001:0001289C       IdentToInt
 0002:00000BF0       IEnables
 0001:00044D10       IfHotkeyAvailable
 0002:00002B9C       ImageListWriteExProc
 0001:00022FE8       ImageList_Add
 0001:00023008       ImageList_AddIcon
 0001:0002302C       ImageList_BeginDrag
 0001:00022FD0       ImageList_Create
 0001:00022FD8       ImageList_Destroy
 0001:0002303C       ImageList_DragEnter
 0001:00023044       ImageList_DragLeave
 0001:0002304C       ImageList_DragMove
 0001:0002305C       ImageList_DragShowNolock
 0001:00023014       ImageList_Draw
 0001:0002301C       ImageList_DrawEx
 0001:00023034       ImageList_EndDrag
 0001:00023000       ImageList_GetBkColor
 0001:00023064       ImageList_GetDragImage
 0001:0002307C       ImageList_GetIconSize
 0001:00022FE0       ImageList_GetImageCount
 0001:0002306C       ImageList_Read
 0001:00023024       ImageList_Remove
 0001:00022FF0       ImageList_ReplaceIcon
 0001:00022FF8       ImageList_SetBkColor
 0001:00023054       ImageList_SetDragCursorImage
 0001:00023084       ImageList_SetIconSize
 0001:00023074       ImageList_Write
 0002:00000B44       Images
 0001:000409F0       ImgList
 0001:0002387C       Imm
 0002:00000B28       IMM32DLL
 0001:0003DD20       Imm32IsIME
 0002:00000180       IMSecsPerDay
 0001:0000DDA8       InBounds
 0001:0000DB08       InBounds
 0001:0000DDD8       Increment
 0001:0000DB38       Increment
 0001:000059B0       InflateRect
 0001:00028488       IniFiles
 0001:00000B78       InitAllocator
 0001:000230C4       InitAnApi
 0002:00002920       InitApis
 0001:00012B44       InitComponent
 0002:00002634       InitContext
 0001:0003DDBC       InitControls
 0001:0002274C       InitDefFontData
 0001:0000BD10       InitDriveSpacePtr
 0001:0000AE58       InitExceptions
 0001:00024954       InitFlatSB
 0001:00025DF0       InitGlobals
 0001:0001DD5C       InitializeBitmapInfoHeader
 0001:00000350       InitializeCriticalSection
 0001:00005418       InitializeCriticalSection
 0002:000025C0       initialized
 0001:0002492C       InitializeFlatSB
 0001:000050E4       InitializeModule
 0001:0000CCB4       InitializeVarUtils
 0001:0003D9C0       InitIMM32
 0001:00012BEC       InitInheritedComponent
 0001:0000B69C       InitLeadBytes
 0001:000237A0       InitMultiMonStubs
 0001:0000AF5C       InitPlatformId
 0002:00002040       InitProc
 0001:00053574       InitProcs
 0001:000226D0       InitScreenLogPixels
 0001:0000B714       InitSysLocale
 0001:00024F7C       InitThemeLibrary
 0001:000185B8       InitThreadSynchronization
 0001:00005060       InitThreadTLS
 0001:00002F0C       InitUnits
 0001:0002F6A4       InitWndProc
 0002:00000AC8       InnerStyles
 0002:0000204C       Input
 0001:00035108       InsertBefore
 0001:000502B8       InsertBefore
 0001:00001024       InsertFree
 0001:00044DC4       InsertHotkeyFarEastFormat
 0001:000059B8       InsertMenu
 0001:000059C0       InsertMenuItem
 0002:00002880       InstBlockList
 0002:00002884       InstFreeList
 0002:00002858       IntConstList
 0001:0000BD78       InterlockedDecrement
 0001:000002F4       InterlockedDecrement
 0001:0000BD84       InterlockedExchange
 0001:00005320       InterlockedExchange
 0001:0000BD8C       InterlockedExchangeAdd
 0001:0000BD6C       InterlockedIncrement
 0001:000002EC       InterlockedIncrement
 0001:0001ADD8       InternalDeletePalette
 0001:00001D0C       InternalFlush
 0001:00000E64       InternalFreeMem
 0001:0001DEAC       InternalGetDIB
 0001:0001DE40       InternalGetDIBSizes
 0001:000129DC       InternalReadComponentRes
 0002:00002AF0       InternalServices
 0001:00003708       InternalUniqueString
 0001:00005608       IntersectClipRect
 0001:000059C8       IntersectRect
 0001:00007288       IntToHex
 0001:000128DC       IntToIdent
 0001:00007260       IntToStr
 0001:00007174       IntToStr
 0001:000059D0       InvalidateRect
 0001:0001CEAC       InvalidBitmap
 0001:0001CE94       InvalidGraphic
 0001:0001CEB8       InvalidIcon
 0001:0001CEC4       InvalidMetafile
 0001:0001CE7C       InvalidOperation
 0001:00011A48       InvalidPoint
 0002:00002798       InvalidPointer
 0001:00002534       InvokeImplGetter
 0001:00001C28       IOResult
 0002:00000C10       IOwnerDraw
 0002:00000BF8       IRadios
 0002:00000C08       IRTL
 0001:000492B4       IsAccel
 0001:00045FA4       IsAccelChar
 0002:00002A0C       IsAppThemed
 0001:000301B8       IsBeforeTargetWindow
 0001:000059D8       IsChild
 0002:00002048       IsConsole
 0001:00030614       IsDelphiHandle
 0001:000059E0       IsDialogMessage
 0002:00000C00       ISeparators
 0001:000059E8       IsIconic
 0001:00046000       IsInitialChar
 0001:000087F8       IsLeapYear
 0002:00002034       IsLibrary
 0002:00002049       IsMultiThread
 0001:0003ADE0       IsOrientationSet
 0001:000059F0       IsRectEmpty
 0001:000303BC       IsSiteChildOfClient
 0002:00002A08       IsThemeActive
 0002:000029B0       IsThemeBackgroundPartiallyTransparent
 0002:00002A18       IsThemeDialogTextureEnabled
 0002:000029AC       IsThemePartDefined
 0001:000129B8       IsUniqueGlobalComponentName
 0002:0000284C       IsUniqueGlobalComponentNameProc
 0001:000070C4       IsValidIdent
 0001:0000B6FC       IsWesternGroup
 0001:000059F8       IsWindow
 0001:00005A00       IsWindowEnabled
 0001:00005A08       IsWindowVisible
 0001:00005A10       IsZoomed
 0001:00041D84       Iterate
 0001:00041DE4       IterateMenus
 0002:0000002C       JITEnable
 0001:00049268       KeyboardStateToShiftState
 0001:0004922C       KeyDataToShiftState
 0001:000491D8       KeysToShiftState
 0001:00005A18       KillTimer
 0001:0000762C       LastDelimiter
 0001:00004E90       LCIDToCodePage
 0001:0000B628       LCIDToCodePage
 0002:0000010C       LeadBytes
 0001:00005420       LeaveCriticalSection
 0001:00000360       LeaveCriticalSection
 0002:00000034       LibModuleList
 0001:00005610       LineTo
 0001:000285EC       ListActns
 0001:000311A4       ListAdd
 0001:000311CC       ListRemove
 0002:0000274E       ListSeparator
 0001:00005A20       LoadBitmap
 0001:00005A28       LoadCursor
 0001:00005A30       LoadIcon
 0001:00005A38       LoadKeyboardLayout
 0001:00005428       LoadLibrary
 0001:00000284       LoadLibraryEx
 0001:00005430       LoadResource
 0001:00004548       LoadResourceModule
 0001:00004E38       LoadResString
 0001:0000028C       LoadString
 0001:00005A40       LoadString
 0001:00000330       LocalAlloc
 0001:00005034       LocalAlloc
 0001:00000338       LocalFree
 0001:0000A03C       LocalGetLocaleStr
 0002:00002A40       Lock
 0001:00005438       LockResource
 0002:00002690       LongDateFormat
 0002:00002724       LongDayNames
 0002:000026D8       LongMonthNames
 0002:000026A4       LongTimeFormat
 0001:00006E80       LowerCase
 0001:000054B0       lstrcpy
 0001:00000294       lstrcpyn
 0002:00002820       LVarTypes
 0002:00002824       LVarTypeSync
 0002:0000202C       MainInstance
 0002:00002030       MainThreadID
 0001:000003F4       MakeEmpty
 0001:0000302C       MakeErrorMessage
 0002:00000B14       MakeLast
 0001:00005BF8       MakeLong
 0001:0001985C       MakeObjectInstance
 0001:00005C50       MakeROP4
 0001:00005C88       MakeWParam
 0001:0000AB10       MapException
 0001:0002855C       Mapi
 0002:00000948       MAPIDLL
 0002:0000094C       MAPIModule
 0001:00002D14       MapToRunError
 0001:00005A48       MapVirtualKey
 0001:00005A50       MapWindowPoints
 0002:00000B4C       Mask
 0001:00005618       MaskBlt
 0001:00022D10       Math
 0001:00022CD8       Max
 0001:0004BB84       MaximizedChildren
 0002:0000003C       MemoryManager
 0002:00000B68       MenuKeyCaps
 0001:00047020       Menus
 0001:0000048C       MergeBlockAfter
 0001:00001168       MergeCommit
 0001:00005A58       MessageBox
 0001:0000022C       MessageBox
 0001:00005EA8       Messages
 0001:00054F68       MGopen
 0001:00054D48       Mgopen1
 0001:00013250       Min
 0001:00022CD0       Min
 0001:00034A50       MinVar
 0002:00002928       MMAvailable
 0002:00000B2C       ModeMap
 0001:0004D884       ModifySystemMenu
 0002:000000A4       Module
 0002:00002661       ModuleIsCpp
 0002:00002660       ModuleIsLib
 0001:0001982C       ModuleUnload
 0002:00000038       ModuleUnloadList
 0002:00002904       MonitorFromPoint
 0002:00002900       MonitorFromRect
 0002:000028FC       MonitorFromWindow
 0002:000000DC       MonthDays
 0002:00002B10       Mouse
 0001:00001C48       Move
 0001:00005620       MoveToEx
 0001:000311EC       MoveWindowOrg
 0001:00005440       MulDiv
 0001:000002A4       MultiByteToWideChar
 0001:00053000       MultiLineWidth
 0001:0002383C       MultiMon
 0002:00002685       NegCurrFormat
 0001:000011F4       NewCommit
 0001:00001220       NewCommitAt
 0002:00002B14       NewStyleControls
 0001:0000B3D4       NextCharIndex
 0001:0003ADC4       NextVisibleZone
 0002:000003E0       NilMethod
 0002:00000030       NoErrMsg
 0001:00042B98       NormalDraw
 0001:000028CC       NotifyAnyExcept
 0001:000028A0       NotifyExcept
 0001:00002900       NotifyExceptFinally
 0001:00012AB8       NotifyGlobalLoading
 0001:00004884       NotifyModuleUnload
 0001:0000287C       NotifyNonDelphiException
 0001:000028B8       NotifyOnExcept
 0001:00002860       NotifyReRaise
 0001:00002928       NotifyTerminate
 0001:00002944       NotifyUnhandled
 0001:00045950       NthParentOf
 0001:0000F918       Null
 0002:0000031C       NullAsStringValue
 0002:00000318       NullStrictConvert
 0001:0002F75C       ObjectFromHWnd
 0001:00005A60       OemToAnsi
 0001:00005A68       OffsetRect
 0002:00002978       OpenThemeData
 0002:00000B0C       OrientArray
 0002:00000AD8       OuterStyles
 0002:00002794       OutOfMemory
 0001:0001CED0       OutOfResources
 0002:00002218       Output
 0002:00000320       PackVarCreation
 0002:000006DC       Pal16
 0001:0001B1E0       PaletteChanged
 0001:0001D6C8       PaletteFromDIBColorTable
 0001:0001D76C       PaletteToDIBColorTable
 0002:000006D8       PalSize
 0001:0003B1A8       ParentNotLast
 0001:00005628       PatBlt
 0002:000028E8       PatternManager
 0001:00005A70       PeekMessage
 0002:000028DC       PenManager
 0002:000006A8       PenModes
 0002:00000688       PenStyles
 0001:00005630       Pie
 0001:00005638       PlayEnhMetaFile
 0001:000119D0       Point
 0001:00005188       Point
 0001:00011E08       PointerInModule
 0001:000362EC       PointsEqual
 0001:00005C70       PointToSmallPoint
 0002:00002BA0       PopupList
 0001:00005A78       PostMessage
 0001:00005A80       PostQuitMessage
 0001:000248F0       Printers
 0001:0004EF98       ProcessExecute
 0001:000494E4       ProcessHorz
 0001:0004F098       ProcessUpdate
 0001:00049550       ProcessVert
 0001:00015B44       PropertyNotFound
 0001:00016DAC       PropPathError
 0002:00000C70       Props
 0001:00015B38       PropValueError
 0001:00005A88       PtInRect
 0002:000000A0       PtrToNil
 0001:00007FA0       PutExponent
 0002:00002B58       QualifyingSites
 0001:0000AACC       RaiseAssertException
 0001:000001FC       RaiseException
 0001:00014B58       RaiseException
 0002:00002014       RaiseExceptionProc
 0001:0000BC0C       RaiseLastOSError
 0001:0003BF18       ReadControlName
 0001:00017FEC       ReadCustomVariant
 0001:00015B20       ReadError
 0001:00005448       ReadFile
 0001:0001DA20       ReadIcon
 0001:00005640       RealizePalette
 0001:00016360       Recover
 0001:0000516C       Rect
 0001:000119F8       Rect
 0001:00005650       Rectangle
 0001:00005648       RectVisible
 0001:00005A90       RedrawWindow
 0002:00002818       RefAnyProc
 0002:00002A3C       ReferenceCount
 0001:000002AC       RegCloseKey
 0001:000052B0       RegCloseKey
 0002:0000285C       RegGroups
 0001:000125AC       RegisterClass
 0001:00005A98       RegisterClass
 0001:00005AA0       RegisterClipboardFormat
 0001:0003055C       RegisterDockSite
 0001:00012920       RegisterFindGlobalComponentProc
 0001:000127F4       RegisterIntegerConsts
 0001:000048E0       RegisterModule
 0001:00023C48       RegisterViewer
 0001:00005AA8       RegisterWindowMessage
 0001:000284F0       Registry
 0001:000052B8       RegOpenKeyEx
 0001:000002B4       RegOpenKeyEx
 0001:000002BC       RegQueryValueEx
 0001:000052C0       RegQueryValueEx
 0001:00025850       RegStr
 0001:00005AB0       ReleaseCapture
 0001:00005AB8       ReleaseDC
 0002:00000048       reMap
 0002:00002618       remBytes
 0001:00000514       RemoveBlock
 0002:000003BC       RemoveDataModule
 0001:000159F0       RemoveFixupReferences
 0001:00015A9C       RemoveFixups
 0001:00015D94       RemoveGlobalFixup
 0001:00005AC0       RemoveMenu
 0001:000047FC       RemoveModuleUnloadProc
 0001:000047D4       RemoveModuleUnloadProc
 0001:00005AC8       RemoveProp
 0001:00005450       ResetEvent
 0001:00018604       ResetSyncEvent
 0001:00001758       ResizeInPlace
 0001:00005658       RestoreDC
 0001:00048E6C       RestoreFocusState
 0001:000139F4       ReturnAddr
 0001:00041958       ReturnAddr
 0001:00012D7C       ReturnAddr
 0001:0001D44C       RGBQuadToTriple
 0001:0001D404       RGBTripleToQuad
 0001:000257A8       RichEdit
 0002:00002B28       RM_GetObjectInstance
 0002:00002BBC       RM_TaskbarCreated
 0002:00002614       rover
 0002:00000950       RTFConversionFormat
 0001:0000FB5C       RTLConsts
 0001:00000204       RtlUnwind
 0002:00002018       RTLUnwindProc
 0002:0000006C       runErrMsg
 0001:00001B50       RunErrorAt
 0001:0000CC68       SafeArrayCreate
 0001:0000CC70       SafeArrayGetLBound
 0001:0000CC78       SafeArrayGetUBound
 0001:0000CC80       SafeArrayPtrOfIndex
 0001:0000C2B0       SafeLoadLibrary
 0001:00006F74       SameText
 0001:00005660       SaveDC
 0001:00048E5C       SaveFocusState
 0001:000096C4       ScanBlanks
 0001:00009808       ScanChar
 0001:00009984       ScanDate
 0001:000096E8       ScanNumber
 0001:0000977C       ScanString
 0001:00009CC8       ScanTime
 0001:0000988C       ScanToNumber
 0002:00002BB4       Screen
 0002:00002894       ScreenLogPixels
 0001:00005AD0       ScreenToClient
 0001:0004969C       ScrollBarVisible
 0001:00005AD8       ScrollWindow
 0001:00001254       SearchSmallBlocks
 0001:00005668       SelectClipRgn
 0001:00005670       SelectObject
 0001:00005678       SelectPalette
 0001:0002F7EC       SendAppMessage
 0001:000490EC       SendFocusMessage
 0001:00005AE0       SendMessage
 0002:00000BCC       Separators
 0002:00002BDC       Serial
 0001:00001C88       Set8087CW
 0001:00005AE8       SetActiveWindow
 0001:000509D4       SetAnimation
 0001:00005680       SetBkColor
 0001:00005688       SetBkMode
 0001:00005690       SetBrushOrgEx
 0001:00005AF0       SetCapture
 0001:0002FA80       SetCaptureControl
 0001:00005AF8       SetClassLong
 0001:0000F4A4       SetClearVarToEmptyParam
 0001:000164D0       SetCompName
 0001:00005B00       SetCursor
 0001:00005698       SetDIBColorTable
 0001:00005458       SetEndOfFile
 0001:000056A0       SetEnhMetaFileBits
 0001:00005460       SetErrorMode
 0001:00005468       SetEvent
 0001:00002E54       SetExceptionHandler
 0001:00005470       SetFilePointer
 0001:0000FFC0       SetFloatProp
 0001:00005B08       SetFocus
 0001:00005B10       SetForegroundWindow
 0001:0003DC44       SetImeMode
 0001:00001BD4       SetInOutRes
 0001:00010244       SetInt64Prop
 0001:00010280       SetInterfaceProp
 0001:0001708C       SetInterfaceReference
 0001:00016FA8       SetIntIdent
 0002:00000C44       SetLayeredWindowAttributes
 0001:0000FE28       SetLongStrProp
 0001:00005B18       SetMenu
 0001:00005B20       SetMenuItemInfo
 0001:0001020C       SetMethodProp
 0001:00016FF0       SetObjectIdent
 0001:0000FD30       SetOrdProp
 0001:00005B28       SetParent
 0001:000056A8       SetPixel
 0001:00005B30       SetProp
 0001:00005B38       SetRect
 0001:000056B0       SetROP2
 0001:00005B40       SetScrollInfo
 0001:00005B48       SetScrollPos
 0001:00005B50       SetScrollRange
 0001:0000FD8C       SetShortStrProp
 0001:0000FDE0       SetShortStrPropAsLongStr
 0001:000056B8       SetStretchBltMode
 0001:0000FEC0       SetStrProp
 0001:000162D8       SetSubComponentState
 0001:000056C0       SetTextColor
 0002:00002A20       SetThemeAppProperties
 0001:00005478       SetThreadLocale
 0001:00005B58       SetTimer
 0001:0000F48C       SetVarAsError
 0001:000101CC       SetVariantProp
 0001:00017030       SetVariantReference
 0001:000056C8       SetViewportOrgEx
 0001:00052B04       SetVisible
 0001:0000FEEC       SetWideStrProp
 0001:0000FE68       SetWideStrPropAsLongStr
 0001:00005B60       SetWindowLong
 0001:000056D8       SetWindowOrgEx
 0001:00005B68       SetWindowPlacement
 0001:00005B70       SetWindowPos
 0001:00005B80       SetWindowsHookEx
 0001:00005B78       SetWindowText
 0002:000029E4       SetWindowTheme
 0001:000056D0       SetWinMetaFileBits
 0002:0000014C       ShareMode
 0001:00025818       ShellAPI
 0002:00002AE0       ShellModule
 0001:000258F8       ShlObj
 0001:00041980       ShortCut
 0002:00002BA4       ShortCutItems
 0001:00041A0C       ShortCutToText
 0002:0000268C       ShortDateFormat
 0002:00002708       ShortDayNames
 0002:000026A8       ShortMonthNames
 0002:000026A0       ShortTimeFormat
 0002:00000CB0       ShowCommands
 0002:00000CBC       ShowCommands
 0002:00000CA4       ShowCommands
 0001:00005B88       ShowCursor
 0001:0000A6CC       ShowException
 0002:00000AC0       ShowFlags
 0002:00000D58       ShowFlags
 0001:00048E74       ShowMDIClientEdge
 0001:00005B90       ShowOwnedPopups
 0001:00005B98       ShowScrollBar
 0001:00005BA0       ShowWindow
 0001:000509FC       ShowWinNoAnimate
 0001:0003D1B0       ShowZone
 0002:00000B20       SizeCursors
 0001:00005480       SizeofResource
 0001:00017B20       SkipBinary
 0001:00017B50       SkipCollection
 0001:00017AF8       SkipList
 0001:00005488       Sleep
 0001:0000BC04       Sleep
 0001:000119E8       SmallPoint
 0001:00005C5C       SmallPointToPoint
 0002:00002620       smallTab
 0001:00053C74       SolveForX
 0001:00053CAC       SolveForY
 0002:000025E8       spaceRoot
 0001:00012668       StartClassGroup
 0001:0002C9DC       StdActns
 0001:0002C874       StdCtrls
 0001:00019834       StdWndProc
 0002:0000289C       StockBrush
 0002:000028A0       StockFont
 0002:000028A4       StockIcon
 0002:00002898       StockPen
 0001:000079C0       StrAlloc
 0001:000079D4       StrBufSize
 0001:0000B174       StrByteType
 0001:0000B364       StrCharLength
 0001:000078A4       StrComp
 0001:000077F4       StrCopy
 0001:00007A1C       StrDispose
 0001:0004013C       StreamsEqual
 0001:000077D0       StrEnd
 0001:000056E0       StretchBlt
 0001:00007E2C       StrFmt
 0001:000078C8       StrIComp
 0001:000149F4       StringListCompareStrings
 0001:00046DB8       StripHotkey
 0001:0000781C       StrLCopy
 0001:000077B8       StrLen
 0001:00007E78       StrLFmt
 0001:00007908       StrLIComp
 0001:000077E4       StrMove
 0001:000079E8       StrNew
 0001:0000B384       StrNextChar
 0001:00007850       StrPCopy
 0001:0000787C       StrPLCopy
 0001:0000796C       StrPos
 0001:0000794C       StrScan
 0001:000072B0       StrToInt
 0001:000072EC       StrToIntDef
 0001:000282F0       StrUtils
 0002:00000C98       Styles
 0001:0000C1F4       Supports
 0001:0000C218       Supports
 0002:00002850       SyncEvent
 0002:000003E8       SyncList
 0001:00024DB4       SyncObjs
 0001:000002D4       SysAllocStringLen
 0001:000061B8       SysConst
 0002:00000C68       SysConsts
 0002:00000C60       SysConsts
 0001:00009F7C       SysErrorMessage
 0001:00001580       SysFreeMem
 0001:000002E4       SysFreeString
 0001:000013D4       SysGetMem
 0001:00005164       SysInit
 0002:00002740       SysLocale
 0001:0000195C       SysReallocMem
 0001:000002DC       SysReAllocStringLen
 0001:00004F58       System
 0002:0000288C       SystemPalette16
 0001:0001D630       SystemPaletteOverride
 0001:00005BA8       SystemParametersInfo
 0001:0000C784       SysUtils
 0001:0003EAD8       TActionLink.IsCaptionLinked
 0001:0003EAEC       TActionLink.IsCheckedLinked
 0001:0003EB00       TActionLink.IsEnabledLinked
 0001:0003EB14       TActionLink.IsGroupIndexLinked
 0001:0003EB28       TActionLink.IsHelpContextLinked
 0001:0003EB3C       TActionLink.IsHelpLinked
 0001:0003EB50       TActionLink.IsHintLinked
 0001:0003EB64       TActionLink.IsImageIndexLinked
 0001:0003EB78       TActionLink.IsShortCutLinked
 0001:0003EB8C       TActionLink.IsVisibleLinked
 0001:0003EBA0       TActionLink.SetAutoCheck
 0001:0003EBA4       TActionLink.SetCaption
 0001:0003EBA8       TActionLink.SetChecked
 0001:0003EBAC       TActionLink.SetEnabled
 0001:0003EBB0       TActionLink.SetGroupIndex
 0001:0003EBB4       TActionLink.SetHelpContext
 0001:0003EBB8       TActionLink.SetHelpKeyword
 0001:0003EBBC       TActionLink.SetHelpType
 0001:0003EBC0       TActionLink.SetHint
 0001:0003EBC4       TActionLink.SetImageIndex
 0001:0003EBC8       TActionLink.SetShortCut
 0001:0003EBCC       TActionLink.SetVisible
 0001:000530C4       TApplication.ActivateHint
 0001:00051BA4       TApplication.BringToFront
 0001:00052E08       TApplication.CancelHint
 0001:0005118C       TApplication.CheckIniChange
 0001:00050F08       TApplication.ControlDestroyed
 0001:00050A3C       TApplication.Create
 0001:00052044       TApplication.CreateForm
 0001:00050D58       TApplication.CreateHandle
 0001:00050C3C       TApplication.Destroy
 0001:00053494       TApplication.DispatchAction
 0001:000527D4       TApplication.DoActionIdle
 0001:00052838       TApplication.DoMouseIdle
 0001:00050FD8       TApplication.DoNormalizeTopMosts
 0001:00053524       TApplication.ExecuteAction
 0001:00053458       TApplication.GetCurrentHelpFile
 0001:000519D8       TApplication.GetIconHandle
 0001:00051BE0       TApplication.GetTitle
 0001:000521C4       TApplication.HandleException
 0001:00051F20       TApplication.HandleMessage
 0001:0005277C       TApplication.HelpCommand
 0001:000526F4       TApplication.HelpContext
 0001:00052664       TApplication.HelpKeyword
 0001:00052DC4       TApplication.HideHint
 0001:00052C7C       TApplication.HintMouseMessage
 0001:00052D8C       TApplication.HintTimerExpired
 0001:00051F44       TApplication.HookMainWindow
 0001:000535D0       TApplication.HookSynchronizeWakeup
 0001:00052A0C       TApplication.IconChanged
 0001:000528B0       TApplication.Idle
 0001:0005202C       TApplication.Initialize
 0001:00052494       TApplication.InvokeHelp
 0001:00051CBC       TApplication.IsDlgMsg
 0001:00051DE8       TApplication.IsHintMsg
 0001:00051D30       TApplication.IsKeyMsg
 0001:00051CE0       TApplication.IsMDIMsg
 0001:00051E1C       TApplication.IsShortCut
 0001:00052254       TApplication.MessageBox
 0001:000519F4       TApplication.Minimize
 0001:000510B4       TApplication.ModalFinished
 0001:00051088       TApplication.ModalStarted
 0001:000510E8       TApplication.NormalizeAllTopMosts
 0001:000510E0       TApplication.NormalizeTopMosts
 0001:000529D0       TApplication.NotifyForms
 0001:00051E88       TApplication.ProcessMessage
 0001:00051AA4       TApplication.Restore
 0001:000510F0       TApplication.RestoreTopMosts
 0001:000520C4       TApplication.Run
 0001:00052A70       TApplication.SetHint
 0001:00052784       TApplication.SetShowHint
 0001:000511E4       TApplication.SettingChange
 0001:00051C2C       TApplication.SetTitle
 0001:000523BC       TApplication.ShowException
 0001:00052C10       TApplication.StartHintTimer
 0001:00052C54       TApplication.StopHintTimer
 0001:000521B0       TApplication.Terminate
 0001:00051FA0       TApplication.UnhookMainWindow
 0001:000535E0       TApplication.UnhookSynchronizeWakeup
 0001:0005354C       TApplication.UpdateAction
 0001:00052B60       TApplication.UpdateVisible
 0001:00051174       TApplication.UseRightToLeftAlignment
 0001:0005115C       TApplication.UseRightToLeftReading
 0001:00052BE8       TApplication.ValidateHelpSystem
 0001:000535C0       TApplication.WakeMainThread
 0001:000512D8       TApplication.WndProc
 0002:00000C50       TaskActiveWindow
 0002:00000C58       TaskFirstTopMost
 0002:00000C54       TaskFirstWindow
 0002:00000C5C       TaskWindowList
 0001:0002FED0       TBaseDragControlObject.Assign
 0001:0002FEAC       TBaseDragControlObject.Create
 0001:0002FEFC       TBaseDragControlObject.EndDrag
 0001:0002FF28       TBaseDragControlObject.Finished
 0001:00019238       TBasicAction.Change
 0001:000190D4       TBasicAction.Create
 0001:00019118       TBasicAction.Destroy
 0001:000191A4       TBasicAction.Execute
 0001:00019174       TBasicAction.ExecuteTarget
 0001:00019170       TBasicAction.HandlesTarget
 0001:00019178       TBasicAction.Notification
 0001:0001924C       TBasicAction.RegisterChanges
 0001:00019298       TBasicAction.SetActionComponent
 0001:000191DC       TBasicAction.SetOnExecute
 0001:00019258       TBasicAction.UnRegisterChanges
 0001:000191C0       TBasicAction.Update
 0001:000191A0       TBasicAction.UpdateTarget
 0001:00019024       TBasicActionLink.AssignClient
 0001:0001905C       TBasicActionLink.Change
 0001:00018FE0       TBasicActionLink.Create
 0001:00019028       TBasicActionLink.Destroy
 0001:00019074       TBasicActionLink.Execute
 0001:000190BC       TBasicActionLink.IsOnExecuteLinked
 0001:00019090       TBasicActionLink.SetAction
 0001:000190C0       TBasicActionLink.SetOnExecute
 0001:000190C8       TBasicActionLink.Update
 0001:00020A70       TBitmap.Assign
 0001:00020C4C       TBitmap.Changed
 0001:00020C28       TBitmap.Changing
 0001:00020B68       TBitmap.CopyImage
 0001:000209CC       TBitmap.Create
 0001:00020A34       TBitmap.Destroy
 0001:000210D8       TBitmap.DIBNeeded
 0001:00020C58       TBitmap.Dormant
 0001:00020CCC       TBitmap.Draw
 0001:0002114C       TBitmap.FreeContext
 0001:00020F1C       TBitmap.FreeImage
 0001:00020F9C       TBitmap.GetCanvas
 0001:00020F80       TBitmap.GetEmpty
 0001:00020FE4       TBitmap.GetHandle
 0001:00021008       TBitmap.GetHandleType
 0001:00021034       TBitmap.GetHeight
 0001:00021044       TBitmap.GetMaskHandle
 0001:00021058       TBitmap.GetMonochrome
 0001:00021074       TBitmap.GetPalette
 0001:00021088       TBitmap.GetTransparentColor
 0001:000210D0       TBitmap.GetWidth
 0001:0002115C       TBitmap.HandleNeeded
 0001:00021314       TBitmap.LoadFromClipboardFormat
 0001:00021398       TBitmap.LoadFromStream
 0001:000211FC       TBitmap.MaskHandleNeeded
 0001:000213BC       TBitmap.NewImage
 0001:0002125C       TBitmap.PaletteNeeded
 0001:000214BC       TBitmap.ReadData
 0001:000214E4       TBitmap.ReadDIB
 0001:00021A4C       TBitmap.ReadStream
 0001:0002217C       TBitmap.SaveToClipboardFormat
 0001:00022174       TBitmap.SaveToStream
 0001:00021ABC       TBitmap.SetHandle
 0001:00021B80       TBitmap.SetHandleType
 0001:00021CB8       TBitmap.SetHeight
 0001:00021D0C       TBitmap.SetMonochrome
 0001:00021D8C       TBitmap.SetPalette
 0001:00021E60       TBitmap.SetWidth
 0001:00021EB4       TBitmap.WriteData
 0001:00021EBC       TBitmap.WriteStream
 0001:0001FD30       TBitmapCanvas.Create
 0001:0001FE38       TBitmapCanvas.CreateHandle
 0001:0001FD6C       TBitmapCanvas.Destroy
 0001:0001FD98       TBitmapCanvas.FreeContext
 0001:0001FF48       TBitmapImage.Destroy
 0001:0001FFA4       TBitmapImage.FreeHandle
 0001:00013208       TBits.Destroy
 0001:00013238       TBits.Error
 0001:0001332C       TBits.OpenBit
 0001:00013300       TBits.SetBit
 0001:0001325C       TBits.SetSize
 0001:00053BF0       TBltBitmap.MakeLike
 0001:0001C218       TBrush.Assign
 0001:0001C1B0       TBrush.Create
 0001:0001C1F0       TBrush.Destroy
 0001:0001C350       TBrush.GetColor
 0001:0001C2C0       TBrush.GetData
 0001:0001C38C       TBrush.GetHandle
 0001:0001C46C       TBrush.GetStyle
 0001:0001C32C       TBrush.SetBitmap
 0001:0001C358       TBrush.SetColor
 0001:0001C2DC       TBrush.SetData
 0001:0001C474       TBrush.SetStyle
 0001:0002C23C       TButton.Click
 0001:0002C3C4       TButton.CMDialogChar
 0001:0002C354       TButton.CMDialogKey
 0001:0002C448       TButton.CMFocusChanged
 0001:0002C340       TButton.CNCommand
 0001:0002C4C8       TButton.CNCtlColorBtn
 0001:0002C1D8       TButton.Create
 0001:0002C2EC       TButton.CreateParams
 0001:0002C328       TButton.CreateWnd
 0001:0002C264       TButton.SetButtonStyle
 0001:0002C2B8       TButton.SetDefault
 0001:0002C260       TButton.UseRightToLeftAlignment
 0001:0002C49C       TButton.WMEraseBkgnd
 0001:0002BF24       TButtonActionLink.AssignClient
 0001:0002BF48       TButtonActionLink.IsCheckedLinked
 0001:0002BF80       TButtonActionLink.SetChecked
 0001:0002C038       TButtonControl.ActionChange
 0001:0002C128       TButtonControl.CNCtlColorStatic
 0001:0002BFE4       TButtonControl.Create
 0001:0002C1A0       TButtonControl.CreateParams
 0001:0002C080       TButtonControl.GetActionLinkClass
 0001:0002C088       TButtonControl.GetChecked
 0001:0002C08C       TButtonControl.IsCheckedStored
 0001:0002C0AC       TButtonControl.SetChecked
 0001:0002C1C4       TButtonControl.SetWordWrap
 0001:0002C174       TButtonControl.WMEraseBkGnd
 0001:0002C0B0       TButtonControl.WndProc
 0001:0001CE5C       TCanvas.BrushChanged
 0001:0001CD30       TCanvas.Changed
 0001:0001CD1C       TCanvas.Changing
 0001:0001C5C8       TCanvas.CopyRect
 0001:0001C4A8       TCanvas.Create
 0001:0001CDA0       TCanvas.CreateBrush
 0001:0001CD44       TCanvas.CreateFont
 0001:0001CC50       TCanvas.CreateHandle
 0001:0001CD70       TCanvas.CreatePen
 0001:0001CBF4       TCanvas.DeselectHandles
 0001:0001C56C       TCanvas.Destroy
 0001:0001C650       TCanvas.Draw
 0001:0001C6FC       TCanvas.Ellipse
 0001:0001C744       TCanvas.FillRect
 0001:0001CE1C       TCanvas.FontChanged
 0001:0001C780       TCanvas.FrameRect
 0001:0001C924       TCanvas.GetCanvasOrientation
 0001:0001CBD4       TCanvas.GetHandle
 0001:0001CB1C       TCanvas.GetPenPos
 0001:0001CB60       TCanvas.GetPixel
 0001:0001C7BC       TCanvas.LineTo
 0001:0001C7F4       TCanvas.Lock
 0001:0001C81C       TCanvas.MoveTo
 0001:0001CE3C       TCanvas.PenChanged
 0001:0001C848       TCanvas.Pie
 0001:0001C8A0       TCanvas.Rectangle
 0001:0001CCA8       TCanvas.RequiredState
 0001:0001CB10       TCanvas.SetBrush
 0001:0001CAF4       TCanvas.SetFont
 0001:0001CC54       TCanvas.SetHandle
 0001:0001CB04       TCanvas.SetPen
 0001:0001CB40       TCanvas.SetPenPos
 0001:0001CB8C       TCanvas.SetPixel
 0001:0001C8E8       TCanvas.StretchDraw
 0001:0001C9F0       TCanvas.TextExtent
 0001:0001CA50       TCanvas.TextHeight
 0001:0001C950       TCanvas.TextRect
 0001:0001CA34       TCanvas.TextWidth
 0001:0001CA70       TCanvas.TryLock
 0001:0001CACC       TCanvas.Unlock
 0001:000409A8       TChangeLink.Change
 0001:00040974       TChangeLink.Destroy
 0001:000122DC       TClassFinder.Create
 0001:00012408       TClassFinder.Destroy
 0001:00012438       TClassFinder.GetClass
 0001:0001E90C       TClipboardFormats.Add
 0001:0001E860       TClipboardFormats.Create
 0001:0001E8E0       TClipboardFormats.Destroy
 0001:0001362C       TCollection.Add
 0001:0001364C       TCollection.Clear
 0001:00025ADC       TCommonDialog.Create
 0001:00025B80       TCommonDialog.DefaultHandler
[...]
 0001:00054244       TGauge.PaintAsPie
 0001:0005439C       TGauge.PaintAsNeedle
 0001:00054528       TGauge.SetGaugeKind
 0001:0005453C       TGauge.SetShowText
 0001:00054550       TGauge.SetBorderStyle
 0001:00054564       TGauge.SetForeColor
 0001:00054578       TGauge.SetBackColor
 0001:0005458C       TGauge.SetMinValue
 0001:0005463C       TGauge.SetMaxValue
 0001:000546EC       TGauge.SetProgress
 0001:0005473C       Finalization
 0001:0005476C       Gauges
 0001:00054A8C       GavetaConfigura
 0001:00054A94       DriverGaveta
 0001:00054A9C       TForm1.RadioGroup1Click
 0001:00054AE0       TForm1.Button3Click
 0001:00054AF0       TForm1.Button1Click
 0001:00054B1C       TForm1.Timer1Timer
 0001:00054B7C       TForm1.Button2Click
 0001:00054C9C       TForm1.FormCreate
 0001:00054CAC       TForm1.Button4Click
 0001:00054D18       Finalization
 0001:00054D48       Mgopen1
 0001:00054D50       Finalization
 0001:00054F68       MGopen
 0002:00000000       ExitCode
 0002:00000004       ErrorAddr
 0002:00000008       FileMode
 0002:0000000C       VarClearProc
 0002:00000010       VarAddRefProc
 0002:00000014       VarCopyProc
 0002:00000018       VarToLStrProc
 0002:0000001C       VarToWStrProc
 0002:00000020       Default8087CW
 0002:00000024       HeapAllocFlags
 0002:00000028       DebugHook
 0002:0000002C       JITEnable
 0002:00000030       NoErrMsg
 0002:00000034       LibModuleList
 0002:00000038       ModuleUnloadList
 0002:0000003C       MemoryManager
 0002:00000048       reMap
 0002:00000064       errCaption
 0002:0000006C       runErrMsg
 0002:0000008C       dig
 0002:0000009C       TlsIndex
 0002:000000A0       PtrToNil
 0002:000000A4       Module
 0002:000000BC       EmptyStr
 0002:000000C0       EmptyWideStr
 0002:000000C4       Win32Platform
 0002:000000C8       Win32MajorVersion
 0002:000000CC       Win32MinorVersion
 0002:000000D0       Win32BuildNumber
 0002:000000D4       Win32CSDVersion
 0002:000000D8       TwoDigitYearCenturyWindow
 0002:000000DC       MonthDays
 0002:0000010C       LeadBytes
 0002:0000012C       HexDisplayPrefix
 0002:00000130       GetDiskFreeSpaceEx
 0002:00000134       ExitProcList
 0002:00000138       cSimpleBoolStrs
 0002:00000140       AccessMode
 0002:0000014C       ShareMode
 0002:00000160       FormatErrorStrs
 0002:00000168       FCon1E18
 0002:00000174       DCon10
 0002:00000178       CWNear
 0002:0000017C       FMSecsPerDay
 0002:00000180       IMSecsPerDay
 0002:00000184       Format
 0002:00000188       DefShortMonthNames
 0002:000001B8       DefLongMonthNames
 0002:000001E8       DefShortDayNames
 0002:00000204       DefLongDayNames
 0002:00000220       ErrorMap
 0002:00000258       ExceptMap
 0002:00000308       WesternGroups
 0002:0000030C       TerminateProcList
 0002:00000310       CResult
 0002:00000318       NullStrictConvert
 0002:0000031C       NullAsStringValue
 0002:00000320       PackVarCreation
 0002:00000324       BooleanToStringRule
 0002:00000328       CInvalidCustomVariantType
 0002:0000032C       CRangeToType
 0002:00000340       CText
 0002:00000394       CRelationshipToBoolean
 0002:000003A8       BooleanIdents
 0002:000003B0       DotSep
 0002:000003B4       AddDataModule
 0002:000003BC       RemoveDataModule
 0002:000003C4       ApplicationHandleException
 0002:000003CC       ApplicationShowException
 0002:000003D4       WakeMainThread
 0002:000003DC       FilerSignature
 0002:000003E0       NilMethod
 0002:000003E8       SyncList
 0002:000003EC       BlockCode
 0002:000003F0       UtilWindowClass
 0002:00000418       DefFontData
 0002:00000444       DDBsOnly
 0002:00000448       Colors
 0002:000005E8       FontCharsets
 0002:00000678       DefPenData
 0002:00000688       PenStyles
 0002:00000698       DefBrushData
 0002:000006A8       PenModes
 0002:000006C8       ClipboardFormats
 0002:000006CC       FileFormats
 0002:000006D0       BitmapCanvasList
 0002:000006D4       DIBPalSizes
 0002:000006D8       PalSize
 0002:000006DC       Pal16
 0002:0000071C       FPrinter
 0002:00000720       CreationControl
 0002:00000724       WndProcPtrAtom
 0002:00000728       Captions
 0002:0000073C       ButtonNames
 0002:00000768       ButtonCaptions
 0002:00000794       ColorToPretyName
 0002:0000090C       BitBtnCaptions
 0002:00000938       Values
 0002:00000940       Values
 0002:00000948       MAPIDLL
 0002:0000094C       MAPIModule
 0002:00000950       RTFConversionFormat
 0002:0000095C       TextConversionFormat
 0002:00000968       ThemeServicesClass
 0002:0000096C       Copyright
 0002:00000970       ThemeDataNames
 0002:000009D0       Alignments
 0002:000009D8       WordWraps
 0002:000009DC       WordWraps
 0002:000009E0       ButtonStyles
 0002:000009E8       Alignments
 0002:000009F8       AnimateWindowProc
 0002:000009FC       CreationControl
 0002:00000A00       DefaultDockTreeClass
 0002:00000A04       AnchorAlign
 0002:00000A0C       Cursors
 0002:00000ABC       CaptureControl
 0002:00000AC0       ShowFlags
 0002:00000AC4       WindowPos
 0002:00000AC8       InnerStyles
 0002:00000AD8       OuterStyles
 0002:00000AE8       EdgeStyles
 0002:00000AF8       Ctl3DStyles
 0002:00000B00       AnimationStyle
 0002:00000B0C       OrientArray
 0002:00000B14       MakeLast
 0002:00000B1C       TreeStreamEndFlag
 0002:00000B20       SizeCursors
 0002:00000B28       IMM32DLL
 0002:00000B2C       ModeMap
 0002:00000B34       DrawingStyles
 0002:00000B44       Images
 0002:00000B4C       Mask
 0002:00000B54       ValidMenuHotkeys
 0002:00000B58       cMenuAutoFlagToItem
 0002:00000B5C       cItemAutoFlagToMenu
 0002:00000B60       cBooleanToItemAutoFlag
 0002:00000B64       cItemAutoFlagToBoolean
 0002:00000B68       MenuKeyCaps
 0002:00000BB0       Checks
 0002:00000BB8       Enables
 0002:00000BC0       Breaks
 0002:00000BCC       Separators
 0002:00000BD4       IBreaks
 0002:00000BE0       IChecks
 0002:00000BE8       IDefaults
 0002:00000BF0       IEnables
 0002:00000BF8       IRadios
 0002:00000C00       ISeparators
 0002:00000C08       IRTL
 0002:00000C10       IOwnerDraw
 0002:00000C18       Alignments
 0002:00000C20       EdgeStyle
 0002:00000C28       Alignments
 0002:00000C30       Flags
 0002:00000C3C       Buttons
 0002:00000C40       HintWindowClass
 0002:00000C44       SetLayeredWindowAttributes
 0002:00000C48       FocusMessages
 0002:00000C4C       FocusCount
 0002:00000C50       TaskActiveWindow
 0002:00000C54       TaskFirstWindow
 0002:00000C58       TaskFirstTopMost
 0002:00000C5C       TaskWindowList
 0002:00000C60       SysConsts
 0002:00000C68       SysConsts
 0002:00000C70       Props
 0002:00000C98       Styles
 0002:00000CA4       ShowCommands
 0002:00000CB0       ShowCommands
 0002:00000CBC       ShowCommands
 0002:00000CC8       cUseAlpha
 0002:00000CD0       cUseColorKey
 0002:00000CD8       CursorMap
 0002:00000D2C       WindowClass
 0002:00000D54       AppVisible
 0002:00000D58       ShowFlags
 0002:00002000       DispCallByIDProc
 0002:00002004       ExceptProc
 0002:00002008       ErrorProc
 0002:0000200C       ExceptClsProc
 0002:00002010       ExceptObjProc
 0002:00002014       RaiseExceptionProc
 0002:00002018       RTLUnwindProc
 0002:0000201C       ExceptionClass
 0002:00002020       AssertErrorProc
 0002:00002024       ExitProcessProc
 0002:00002028       AbstractErrorProc
 0002:0000202C       MainInstance
 0002:00002030       MainThreadID
 0002:00002034       IsLibrary
 0002:00002038       CmdShow
 0002:0000203C       CmdLine
 0002:00002040       InitProc
 0002:00002044       ExitProc
 0002:00002048       IsConsole
 0002:00002049       IsMultiThread
 0002:0000204A       Test8086
 0002:0000204C       Input
 0002:00002218       Output
 0002:000023E4       ErrOutput
 0002:000025B0       AllocMemCount
 0002:000025B4       AllocMemSize
 0002:000025B8       .5
 0002:000025BC       DefaultUserCodePage
 0002:000025C0       initialized
 0002:000025C4       heapErrorCode
 0002:000025C8       heapLock
 0002:000025E0       blockDescBlockList
 0002:000025E4       blockDescFreeList
 0002:000025E8       spaceRoot
 0002:000025F8       decommittedRoot
 0002:00002608       avail
 0002:00002614       rover
 0002:00002618       remBytes
 0002:0000261C       curAlloc
 0002:00002620       smallTab
 0002:00002624       committedRoot
 0002:00002634       InitContext
 0002:00002660       ModuleIsLib
 0002:00002661       ModuleIsCpp
 0002:00002664       HInstance
 0002:00002668       .1
 0002:0000266C       tlsBuffer
 0002:00002670       .1
 0002:00002674       .3
 0002:00002678       .1
 0002:0000267C       .1
 0002:00002680       CurrencyString
 0002:00002684       CurrencyFormat
 0002:00002685       NegCurrFormat
 0002:00002686       ThousandSeparator
 0002:00002687       DecimalSeparator
 0002:00002688       CurrencyDecimals
 0002:00002689       DateSeparator
 0002:0000268C       ShortDateFormat
 0002:00002690       LongDateFormat
 0002:00002694       TimeSeparator
 0002:00002698       TimeAMString
 0002:0000269C       TimePMString
 0002:000026A0       ShortTimeFormat
 0002:000026A4       LongTimeFormat
 0002:000026A8       ShortMonthNames
 0002:000026D8       LongMonthNames
 0002:00002708       ShortDayNames
 0002:00002724       LongDayNames
 0002:00002740       SysLocale
 0002:0000274E       ListSeparator
 0002:00002750       EraNames
 0002:0000276C       EraYearOffsets
 0002:00002788       TrueBoolStrs
 0002:0000278C       FalseBoolStrs
 0002:00002790       .35
 0002:00002794       OutOfMemory
 0002:00002798       InvalidPointer
 0002:0000279C       FLanguages
 0002:000027A0       VariantChangeTypeEx
 0002:000027A4       VarNeg
 0002:000027A8       VarNot
 0002:000027AC       VarAdd
 0002:000027B0       VarSub
 0002:000027B4       VarMul
 0002:000027B8       VarDiv
 0002:000027BC       VarIDiv
 0002:000027C0       VarMod
 0002:000027C4       VarAnd
 0002:000027C8       VarOr
 0002:000027CC       VarXor
 0002:000027D0       VarCmp
 0002:000027D4       VarI4FromStr
 0002:000027D8       VarR4FromStr
 0002:000027DC       VarR8FromStr
 0002:000027E0       VarDateFromStr
 0002:000027E4       VarCyFromStr
 0002:000027E8       VarBoolFromStr
 0002:000027EC       VarBstrFromCy
 0002:000027F0       VarBstrFromDate
 0002:000027F4       VarBstrFromBool
 0002:000027F8       .5
 0002:000027FC       EmptyParam
 0002:0000280C       VarDispProc
 0002:00002810       ClearAnyProc
 0002:00002814       ChangeAnyProc
 0002:00002818       RefAnyProc
 0002:0000281C       .81
 0002:00002820       LVarTypes
 0002:00002824       LVarTypeSync
 0002:0000283C       .1
 0002:00002840       .6
 0002:00002844       .3
 0002:00002848       GlobalNameSpace
 0002:0000284C       IsUniqueGlobalComponentNameProc
 0002:00002850       SyncEvent
 0002:00002854       .45
 0002:00002858       IntConstList
 0002:0000285C       RegGroups
 0002:00002860       FindGlobalComponentProcs
 0002:00002864       GlobalFixupList
 0002:00002868       ThreadLock
 0002:00002880       InstBlockList
 0002:00002884       InstFreeList
 0002:00002888       .1
 0002:0000288C       SystemPalette16
 0002:00002890       .12
 0002:00002894       ScreenLogPixels
 0002:00002898       StockPen
 0002:0000289C       StockBrush
 0002:000028A0       StockFont
 0002:000028A4       StockIcon
 0002:000028A8       BitmapImageLock
 0002:000028C0       CounterLock
 0002:000028D8       FontManager
 0002:000028DC       PenManager
 0002:000028E0       BrushManager
 0002:000028E4       CanvasList
 0002:000028E8       PatternManager
 0002:000028EC       .2
 0002:000028F0       .21
 0002:000028F4       .1
 0002:000028F8       GetSystemMetrics
 0002:000028FC       MonitorFromWindow
 0002:00002900       MonitorFromRect
 0002:00002904       MonitorFromPoint
 0002:00002908       GetMonitorInfo
 0002:0000290C       GetMonitorInfoA
 0002:00002910       GetMonitorInfoW
 0002:00002914       EnumDisplayMonitors
 0002:00002918       .1
 0002:0000291C       User32Dll
 0002:00002920       InitApis
 0002:00002928       MMAvailable
 0002:0000292C       .1
 0002:00002930       .2
 0002:00002934       HelpManager
 0002:00002938       .3
 0002:0000293C       .3
 0002:00002940       FlatSB_EnableScrollBar
 0002:00002944       FlatSB_ShowScrollBar
 0002:00002948       FlatSB_GetScrollRange
 0002:0000294C       FlatSB_GetScrollInfo
 0002:00002950       FlatSB_GetScrollPos
 0002:00002954       FlatSB_SetScrollPos
 0002:00002958       FlatSB_SetScrollInfo
 0002:0000295C       FlatSB_SetScrollRange
 0002:00002960       .1
 0002:00002964       _FlatSB_GetScrollProp
 0002:00002968       _FlatSB_SetScrollProp
 0002:0000296C       _InitializeFlatSB
 0002:00002970       _UninitializeFlatSB
 0002:00002974       .6
 0002:00002978       OpenThemeData
 0002:0000297C       CloseThemeData
 0002:00002980       DrawThemeBackground
 0002:00002984       DrawThemeText
 0002:00002988       GetThemeBackgroundContentRect
 0002:0000298C       GetThemeBackgroundExtent
 0002:00002990       GetThemePartSize
 0002:00002994       GetThemeTextExtent
 0002:00002998       GetThemeTextMetrics
 0002:0000299C       GetThemeBackgroundRegion
 0002:000029A0       HitTestThemeBackground
 0002:000029A4       DrawThemeEdge
 0002:000029A8       DrawThemeIcon
 0002:000029AC       IsThemePartDefined
 0002:000029B0       IsThemeBackgroundPartiallyTransparent
 0002:000029B4       GetThemeColor
 0002:000029B8       GetThemeMetric
 0002:000029BC       GetThemeString
 0002:000029C0       GetThemeBool
 0002:000029C4       GetThemeInt
 0002:000029C8       GetThemeEnumValue
 0002:000029CC       GetThemePosition
 0002:000029D0       GetThemeFont
 0002:000029D4       GetThemeRect
 0002:000029D8       GetThemeMargins
 0002:000029DC       GetThemeIntList
 0002:000029E0       GetThemePropertyOrigin
 0002:000029E4       SetWindowTheme
 0002:000029E8       GetThemeFilename
 0002:000029EC       GetThemeSysColor
 0002:000029F0       GetThemeSysColorBrush
 0002:000029F4       GetThemeSysBool
 0002:000029F8       GetThemeSysSize
 0002:000029FC       GetThemeSysFont
 0002:00002A00       GetThemeSysString
 0002:00002A04       GetThemeSysInt
 0002:00002A08       IsThemeActive
 0002:00002A0C       IsAppThemed
 0002:00002A10       GetWindowTheme
 0002:00002A14       EnableThemeDialogTexture
 0002:00002A18       IsThemeDialogTextureEnabled
 0002:00002A1C       GetThemeAppProperties
 0002:00002A20       SetThemeAppProperties
 0002:00002A24       GetCurrentThemeName
 0002:00002A28       GetThemeDocumentationProperty
 0002:00002A2C       DrawThemeParentBackground
 0002:00002A30       EnableTheming
 0002:00002A34       .1
 0002:00002A38       ThemeLibrary
 0002:00002A3C       ReferenceCount
 0002:00002A40       Lock
 0002:00002A44       .1
 0002:00002A48       .4
 0002:00002A4C       .1
 0002:00002A50       .1
 0002:00002A54       .1
 0002:00002A58       .1
 0002:00002A5C       .1
 0002:00002A60       .1
 0002:00002A64       .1
 0002:00002A68       .11
 0002:00002A6C       HelpMsg
 0002:00002A70       FindMsg
 0002:00002A74       .12
 0002:00002A78       .1
 0002:00002A7C       CF_PICTURE
 0002:00002A7E       CF_COMPONENT
 0002:00002A80       .2
 0002:00002A84       FClipboard
 0002:00002A88       .1
 0002:00002A8C       .4
 0002:00002A90       BitBtnGlyphs
 0002:00002ABC       .3
 0002:00002AC0       .8
 0002:00002AC4       .5
 0002:00002AC8       .1
 0002:00002ACC       .72
 0002:00002AD0       UrlMonHandle
 0002:00002AD4       UrlMonInitialized
 0002:00002AD8       .8
 0002:00002ADC       .36
 0002:00002AE0       ShellModule
 0002:00002AE4       FRichEditModule
 0002:00002AE8       ComCtlVersion
 0002:00002AEC       .2
 0002:00002AF0       InternalServices
 0002:00002AF4       .42
 0002:00002AF8       .73
 0002:00002AFC       WinHelpTester
 0002:00002B00       ViewerName
 0002:00002B04       .1
 0002:00002B08       HelpViewer
 0002:00002B0C       HelpViewerIntf
 0002:00002B10       Mouse
 0002:00002B14       NewStyleControls
 0002:00002B18       .72
 0002:00002B1C       WindowAtom
 0002:00002B1E       ControlAtom
 0002:00002B20       WindowAtomString
 0002:00002B24       ControlAtomString
 0002:00002B28       RM_GetObjectInstance
 0002:00002B2C       DragControl
 0002:00002B30       DragObject
 0002:00002B34       DragInternalObject
 0002:00002B38       DragCapture
 0002:00002B3C       DragStartPos
 0002:00002B44       DragSaveCursor
 0002:00002B48       DragThreshold
 0002:00002B4C       ActiveDrag
 0002:00002B50       DragImageList
 0002:00002B54       DockSiteList
 0002:00002B58       QualifyingSites
 0002:00002B5C       DragSave
 0002:00002B60       CanvasList
 0002:00002B64       _WINNLSEnableIME
 0002:00002B68       _ImmGetContext
 0002:00002B6C       _ImmReleaseContext
 0002:00002B70       _ImmGetConversionStatus
 0002:00002B74       _ImmSetConversionStatus
 0002:00002B78       _ImmSetOpenStatus
 0002:00002B7C       _ImmSetCompositionWindow
 0002:00002B80       _ImmSetCompositionFont
 0002:00002B84       _ImmGetCompositionString
 0002:00002B88       _ImmIsIME
 0002:00002B8C       _ImmNotifyIME
 0002:00002B90       .8
 0002:00002B94       .3
 0002:00002B98       CachedComCtrlVer
 0002:00002B9C       ImageListWriteExProc
 0002:00002BA0       PopupList
 0002:00002BA4       ShortCutItems
 0002:00002BA8       .9
 0002:00002BAC       CommandPool
 0002:00002BB0       Application
 0002:00002BB4       Screen
 0002:00002BB8       .41
 0002:00002BBC       RM_TaskbarCreated
 0002:00002BC0       HintThreadID
 0002:00002BC4       HintDoneEvent
 0002:00002BC8       HintHook
 0002:00002BCC       HintThread
 0002:00002BD0       .1
 0002:00002BD4       .2
 0002:00002BD8       Form1
 0002:00002BDC       Serial
 0002:00002BE0       FUNCAO
 0002:00002BE4       .2


Line numbers for GHDL32(Ghdl32.pas) segment .text

    38 0001:000536D0    38 0001:000536D7

Line numbers for Mgopen1(Mgopen1.pas) segment .text

    70 0001:00054A8C    71 0001:00054A94    78 0001:00054A9C    79 0001:00054A9F
    80 0001:00054AB1    81 0001:00054ABE    82 0001:00054AC3    83 0001:00054AC8
    84 0001:00054ACF    85 0001:00054ADC    89 0001:00054AE0    90 0001:00054AEC
    95 0001:00054AF0    96 0001:00054AF3    97 0001:00054B00    98 0001:00054B0D
    99 0001:00054B1A   104 0001:00054B1C   105 0001:00054B1F   106 0001:00054B2C
   107 0001:00054B2F   109 0001:00054B41   110 0001:00054B51   117 0001:00054B7C
   118 0001:00054B87   119 0001:00054B94   120 0001:00054BA1   123 0001:00054BA3
   124 0001:00054BB0   125 0001:00054BBD   126 0001:00054BCA   127 0001:00054BD7
   129 0001:00054BE4   132 0001:00054BE9   133 0001:00054BEA   135 0001:00054BFA
   137 0001:00054C00   140 0001:00054C18   143 0001:00054C1A   141 0001:00054C1B
   146 0001:00054C23   148 0001:00054C33   151 0001:00054C39   129 0001:00054C51
   155 0001:00054C56   156 0001:00054C63   157 0001:00054C70   158 0001:00054C7D
   159 0001:00054C8A   160 0001:00054C97   164 0001:00054C9C   165 0001:00054CA9
   168 0001:00054CAC   169 0001:00054CAF   170 0001:00054CC1   171 0001:00054CCA
   173 0001:00054CDC   174 0001:00054CEC   175 0001:00054D48   175 0001:00054D4F

Line numbers for MGopen(C:\PdvTex\Exemplo_Delphi\MGopen.dpr) segment .text

     9 0001:00054F68    10 0001:00054F78    11 0001:00054F84    12 0001:00054F95
    13 0001:00054FAD    14 0001:00054FB9

Bound resource files

c:\arquivos de programas\borland\delphi7\Lib\Buttons.res
c:\arquivos de programas\borland\delphi7\Lib\ExtDlgs.res
c:\arquivos de programas\borland\delphi7\Lib\Controls.res
Mgopen1.DFM
MGopen.RES
MGopen.drf


Program entry point at 0001:00054F68
